[fb-debug] opConnect
[fb-debug] 	sendPackets():(640 bytes) [0 0 0 1 0 0 0 19 0 0 0 3 0 0 0 1 0 0 0 82 67 58 92 85 115 101 114 115 92 97 108 101 107 115 92 65 112 112 68 97 116 97 92 76 111 99 97 108 92 84 101 109 112 92 116 101 115 116 95 114 101 116 97 105]...
[fb-debug] _parse_connect_response
[fb-debug] 	recvPackets():[0 0 0 98]:<nil>
[fb-debug] 	recvPackets():[255 255 128 17 0 0 0 1 0 0 2 5]:<nil>
[fb-debug] 	recvPackets():[0 0 1 68]:<nil>
[fb-debug] 	recvPackets():(324 bytes) [64 0 66 68 50 57 56 66 56 55 51 54 51 49 56 66 68 67 48 48 53 57 53 65 66 65 54 56 65 67 53 49 70 68 48 56 56 68 54 70 67 55 67 65 51 65 49 55 57 56 49 52 55 53 70 66 68 67 48 68 53 53 68 65]...:<nil>
[fb-debug] 	recvPackets():[0 0 0 6]:<nil>
[fb-debug] 	recvPackets():[83 114 112 50 53 54 0 0]:<nil>
[fb-debug] 	recvPackets():[0 0 0 0]:<nil>
[fb-debug] 	recvPackets():[0 0 0 0]:<nil>
[fb-debug] 	recvPackets():[]:<nil>
[fb-debug] opContAuth
[fb-debug] 	sendPackets():(116 bytes) [0 0 0 92 0 0 0 64 54 50 50 100 100 49 101 98 99 54 55 55 48 102 49 57 100 56 57 54 57 48 52 54 55 50 100 99 51 100 100 97 56 53 102 53 97 52 101 101 53 97 55 98 102 52 98 51 49 98 100 100 50 48 57 56]...
[fb-debug] opResponse
[fb-debug] 	recvPackets():[0 0 0 9]:<nil>
[fb-debug] 	recvPackets():[0 0 0 0 0 0 0 0 0 0 0 0 0 0 0 77]:<nil>
[fb-debug] 	recvPackets():(80 bytes) [0 9 83 121 109 109 101 116 114 105 99 1 20 67 104 97 67 104 97 54 52 32 67 104 97 67 104 97 32 65 114 99 52 3 17 67 104 97 67 104 97 54 52 0 230 169 146 101 17 167 72 192 3 23 67 104 97 67 104 97 0 69 6 112]...:<nil>
[fb-debug] 	recvPackets():[0 0 0 1]:<nil>
[fb-debug] 	recvPackets():[0 0 0 0]:<nil>
[fb-debug] 	recvPackets():[0 0 0 0]:<nil>
[fb-debug] 	sendPackets():[0 0 0 96 0 0 0 8 67 104 97 67 104 97 54 52 0 0 0 9 83 121 109 109 101 116 114 105 99 0 0 0]
[fb-debug] opResponse
[fb-debug] 	recvPackets():[0 0 0 9]:<nil>
[fb-debug] 	recvPackets():[0 0 0 0 0 0 0 0 0 0 0 0 0 0 0 0]:<nil>
[fb-debug] 	recvPackets():[0 0 0 1]:<nil>
[fb-debug] 	recvPackets():[0 0 0 0]:<nil>
[fb-debug] 	recvPackets():[0 0 0 0]:<nil>
[fb-debug] opCreate
[fb-debug] 	sendPackets():(164 bytes) [0 0 0 20 0 0 0 0 0 0 0 82 67 58 92 85 115 101 114 115 92 97 108 101 107 115 92 65 112 112 68 97 116 97 92 76 111 99 97 108 92 84 101 109 112 92 116 101 115 116 95 114 101 116 97 105 110 95 101 49 101 97 102 53]...
[fb-debug] opResponse
[fb-debug] 	recvPackets():[0 0 0 9]:<nil>
[fb-debug] 	recvPackets():[0 0 0 0 0 0 0 0 0 0 0 0 0 0 0 0]:<nil>
[fb-debug] 	recvPackets():[0 0 0 1]:<nil>
[fb-debug] 	recvPackets():[0 0 0 0]:<nil>
[fb-debug] 	recvPackets():[0 0 0 0]:<nil>
[fb-debug] opTransaction
[fb-debug] 	sendPackets():[0 0 0 29 0 0 0 0 0 0 0 5 3 9 6 15 17 0 0 0]
[fb-debug] opResponse
[fb-debug] 	recvPackets():[0 0 0 9]:<nil>
[fb-debug] 	recvPackets():[0 0 0 1 0 0 0 0 0 0 0 0 0 0 0 0]:<nil>
[fb-debug] 	recvPackets():[0 0 0 1]:<nil>
[fb-debug] 	recvPackets():[0 0 0 0]:<nil>
[fb-debug] 	recvPackets():[0 0 0 0]:<nil>
[fb-debug] opAllocateStatement
[fb-debug] 	sendPackets():[0 0 0 62 0 0 0 0]
[fb-debug] opPrepareStatement():1,-1,select * from rdb$database
[fb-debug] 	sendPackets():(72 bytes) [0 0 0 68 0 0 0 1 255 255 255 255 0 0 0 3 0 0 0 26 115 101 108 101 99 116 32 42 32 102 114 111 109 32 114 100 98 36 100 97 116 97 98 97 115 101 0 0 0 0 0 14 21 4 7 9 11 12 13 14 15 16 17 18]...
[fb-debug] opResponse
[fb-debug] 	recvPackets():[0 0 0 9]:<nil>
[fb-debug] 	recvPackets():[0 0 0 2 0 0 0 0 0 0 0 0 0 0 0 0]:<nil>
[fb-debug] 	recvPackets():[0 0 0 1]:<nil>
[fb-debug] 	recvPackets():[0 0 0 0]:<nil>
[fb-debug] 	recvPackets():[0 0 0 0]:<nil>
[fb-debug] opResponse
[fb-debug] 	recvPackets():[0 0 0 9]:<nil>
[fb-debug] 	recvPackets():[0 0 0 4 0 0 0 0 0 0 0 0 0 0 2 134]:<nil>
[fb-debug] 	recvPackets():(648 bytes) [21 4 0 1 0 0 0 4 7 4 0 6 0 0 0 9 4 0 1 0 0 0 11 4 0 9 2 0 0 12 4 0 1 0 0 0 13 4 0 4 0 0 0 14 4 0 8 0 0 0 15 4 0 1 0 0 0 16 15 0 82 68 66 36]...:<nil>
[fb-debug] 	recvPackets():[0 0 0 1]:<nil>
[fb-debug] 	recvPackets():[0 0 0 0]:<nil>
[fb-debug] 	recvPackets():[0 0 0 0]:<nil>
[fb-debug] opExecute():1,2,[]
[fb-debug] 	sendPackets():[0 0 0 63 0 0 0 2 0 0 0 1 0 0 0 0 0 0 0 0 0 0 0 0 0 0 0 0]
[fb-debug] opResponse
[fb-debug] 	recvPackets():[0 0 0 9]:<nil>
[fb-debug] 	recvPackets():[0 0 0 1 0 0 0 0 0 0 0 0 0 0 0 0]:<nil>
[fb-debug] 	recvPackets():[0 0 0 1]:<nil>
[fb-debug] 	recvPackets():[0 0 0 0]:<nil>
[fb-debug] 	recvPackets():[0 0 0 0]:<nil>
[fb-debug] opInfoSql
[fb-debug] 	sendPackets():[0 0 0 70 0 0 0 2 0 0 0 0 0 0 0 1 23 0 0 0 0 0 4 0]
[fb-debug] opResponse
[fb-debug] 	recvPackets():[0 0 0 9]:<nil>
[fb-debug] 	recvPackets():[0 0 0 2 0 0 0 0 0 0 0 0 0 0 0 33]:<nil>
[fb-debug] 	recvPackets():[23 29 0 15 4 0 0 0 0 0 16 4 0 0 0 0 0 13 4 0 0 0 0 0 14 4 0 0 0 0 0 1 1 0 0 0]:<nil>
[fb-debug] 	recvPackets():[0 0 0 1]:<nil>
[fb-debug] 	recvPackets():[0 0 0 0]:<nil>
[fb-debug] 	recvPackets():[0 0 0 0]:<nil>
[fb-debug] opCommitRetaining():1
[fb-debug] 	sendPackets():[0 0 0 50 0 0 0 1]
[fb-debug] opResponse
[fb-debug] 	recvPackets():[0 0 0 9]:<nil>
[fb-debug] 	recvPackets():[0 0 0 0 0 0 0 0 0 0 0 0 0 0 0 0]:<nil>
[fb-debug] 	recvPackets():[0 0 0 1]:<nil>
[fb-debug] 	recvPackets():[0 0 0 0]:<nil>
[fb-debug] 	recvPackets():[0 0 0 0]:<nil>
[fb-debug] opFreeStatement:<2>
[fb-debug] 	sendPackets():[0 0 0 67 0 0 0 2 0 0 0 2]
[fb-debug] opCommitRetaining():1
[fb-debug] 	sendPackets():[0 0 0 50 0 0 0 1]
[fb-debug] opResponse
[fb-debug] 	recvPackets():[0 0 0 9]:<nil>
[fb-debug] 	recvPackets():[255 255 255 255 0 0 0 0 0 0 0 0 0 0 0 0]:<nil>
[fb-debug] 	recvPackets():[0 0 0 1]:<nil>
[fb-debug] 	recvPackets():[0 0 0 0]:<nil>
[fb-debug] 	recvPackets():[0 0 0 0]:<nil>
[fb-debug] 	recvPackets():[0 0 0 9]:<nil>
[fb-debug] 	recvPackets():[0 0 0 0 0 0 0 0 0 0 0 0 0 0 0 0]:<nil>
[fb-debug] 	recvPackets():[0 0 0 1]:<nil>
[fb-debug] 	recvPackets():[0 0 0 0]:<nil>
[fb-debug] 	recvPackets():[0 0 0 0]:<nil>
[fb-debug] opRollback():1
[fb-debug] 	sendPackets():[0 0 0 31 0 0 0 1]
[fb-debug] opResponse
[fb-debug] 	recvPackets():[0 0 0 9]:<nil>
[fb-debug] 	recvPackets():[0 0 0 0 0 0 0 0 0 0 0 0 0 0 0 0]:<nil>
[fb-debug] 	recvPackets():[0 0 0 1]:<nil>
[fb-debug] 	recvPackets():[0 0 0 0]:<nil>
[fb-debug] 	recvPackets():[0 0 0 0]:<nil>
[fb-debug] opDetach
[fb-debug] 	sendPackets():[0 0 0 21 0 0 0 0]
[fb-debug] opResponse
[fb-debug] 	recvPackets():[0 0 0 9]:<nil>
[fb-debug] 	recvPackets():[0 0 0 0 0 0 0 0 0 0 0 0 0 0 0 0]:<nil>
[fb-debug] 	recvPackets():[0 0 0 1]:<nil>
[fb-debug] 	recvPackets():[0 0 0 0]:<nil>
[fb-debug] 	recvPackets():[0 0 0 0]:<nil>
[fb-debug] opConnect
[fb-debug] 	sendPackets():(640 bytes) [0 0 0 1 0 0 0 19 0 0 0 3 0 0 0 1 0 0 0 82 67 58 92 85 115 101 114 115 92 97 108 101 107 115 92 65 112 112 68 97 116 97 92 76 111 99 97 108 92 84 101 109 112 92 116 101 115 116 95 114 101 116 97 105]...
[fb-debug] _parse_connect_response
[fb-debug] 	recvPackets():[0 0 0 98]:<nil>
[fb-debug] 	recvPackets():[255 255 128 17 0 0 0 1 0 0 2 5]:<nil>
[fb-debug] 	recvPackets():[0 0 1 68]:<nil>
[fb-debug] 	recvPackets():(324 bytes) [64 0 66 68 50 57 56 66 56 55 51 54 51 49 56 66 68 67 48 48 53 57 53 65 66 65 54 56 65 67 53 49 70 68 48 56 56 68 54 70 67 55 67 65 51 65 49 55 57 56 49 52 55 53 70 66 68 67 48 68 53 53 68 65]...:<nil>
[fb-debug] 	recvPackets():[0 0 0 6]:<nil>
[fb-debug] 	recvPackets():[83 114 112 50 53 54 0 0]:<nil>
[fb-debug] 	recvPackets():[0 0 0 0]:<nil>
[fb-debug] 	recvPackets():[0 0 0 0]:<nil>
[fb-debug] 	recvPackets():[]:<nil>
[fb-debug] opContAuth
[fb-debug] 	sendPackets():(116 bytes) [0 0 0 92 0 0 0 64 49 53 49 53 52 98 53 51 55 99 50 55 55 53 99 54 99 97 53 55 56 53 97 102 97 97 101 56 51 100 101 97 100 52 56 52 52 52 99 99 49 52 97 51 57 49 97 53 54 55 99 54 49 56 57 101]...
[fb-debug] opResponse
[fb-debug] 	recvPackets():[0 0 0 9]:<nil>
[fb-debug] 	recvPackets():[0 0 0 0 0 0 0 0 0 0 0 0 0 0 0 77]:<nil>
[fb-debug] 	recvPackets():(80 bytes) [0 9 83 121 109 109 101 116 114 105 99 1 20 67 104 97 67 104 97 54 52 32 67 104 97 67 104 97 32 65 114 99 52 3 17 67 104 97 67 104 97 54 52 0 130 33 101 89 42 45 69 158 3 23 67 104 97 67 104 97 0 13 132 94]...:<nil>
[fb-debug] 	recvPackets():[0 0 0 1]:<nil>
[fb-debug] 	recvPackets():[0 0 0 0]:<nil>
[fb-debug] 	recvPackets():[0 0 0 0]:<nil>
[fb-debug] 	sendPackets():[0 0 0 96 0 0 0 8 67 104 97 67 104 97 54 52 0 0 0 9 83 121 109 109 101 116 114 105 99 0 0 0]
[fb-debug] opResponse
[fb-debug] 	recvPackets():[0 0 0 9]:<nil>
[fb-debug] 	recvPackets():[0 0 0 0 0 0 0 0 0 0 0 0 0 0 0 0]:<nil>
[fb-debug] 	recvPackets():[0 0 0 1]:<nil>
[fb-debug] 	recvPackets():[0 0 0 0]:<nil>
[fb-debug] 	recvPackets():[0 0 0 0]:<nil>
[fb-debug] opAttach
[fb-debug] 	sendPackets():(252 bytes) [0 0 0 19 0 0 0 0 0 0 0 82 67 58 92 85 115 101 114 115 92 97 108 101 107 115 92 65 112 112 68 97 116 97 92 76 111 99 97 108 92 84 101 109 112 92 116 101 115 116 95 114 101 116 97 105 110 95 101 49 101 97 102 53]...
[fb-debug] opResponse
[fb-debug] 	recvPackets():[0 0 0 9]:<nil>
[fb-debug] 	recvPackets():[0 0 0 0 0 0 0 0 0 0 0 0 0 0 0 0]:<nil>
[fb-debug] 	recvPackets():[0 0 0 1]:<nil>
[fb-debug] 	recvPackets():[0 0 0 0]:<nil>
[fb-debug] 	recvPackets():[0 0 0 0]:<nil>
[fb-debug] opInfoDatabase
[fb-debug] 	sendPackets():[0 0 0 40 0 0 0 0 0 0 0 0 0 0 0 2 32 1 0 0 0 0 4 0]
[fb-debug] opResponse
[fb-debug] 	recvPackets():[0 0 0 9]:<nil>
[fb-debug] 	recvPackets():[0 0 0 0 0 0 0 0 0 0 0 0 0 0 0 8]:<nil>
[fb-debug] 	recvPackets():[32 4 0 13 0 0 0 1]:<nil>
[fb-debug] 	recvPackets():[0 0 0 1]:<nil>
[fb-debug] 	recvPackets():[0 0 0 0]:<nil>
[fb-debug] 	recvPackets():[0 0 0 0]:<nil>
[fb-debug] opTransaction
[fb-debug] 	sendPackets():[0 0 0 29 0 0 0 0 0 0 0 5 3 9 6 15 17 0 0 0]
[fb-debug] opResponse
[fb-debug] 	recvPackets():[0 0 0 9]:<nil>
[fb-debug] 	recvPackets():[0 0 0 1 0 0 0 0 0 0 0 0 0 0 0 0]:<nil>
[fb-debug] 	recvPackets():[0 0 0 1]:<nil>
[fb-debug] 	recvPackets():[0 0 0 0]:<nil>
[fb-debug] 	recvPackets():[0 0 0 0]:<nil>
[fb-debug] opAllocateStatement
[fb-debug] 	sendPackets():[0 0 0 62 0 0 0 0]
[fb-debug] opPrepareStatement():1,-1,CREATE TABLE t_cr (id INTEGER PRIMARY KEY, v INTEGER)
[fb-debug] 	sendPackets():(100 bytes) [0 0 0 68 0 0 0 1 255 255 255 255 0 0 0 3 0 0 0 53 67 82 69 65 84 69 32 84 65 66 76 69 32 116 95 99 114 32 40 105 100 32 73 78 84 69 71 69 82 32 80 82 73 77 65 82 89 32 75 69 89 44 32 118]...
[fb-debug] opResponse
[fb-debug] 	recvPackets():[0 0 0 9]:<nil>
[fb-debug] 	recvPackets():[0 0 0 2 0 0 0 0 0 0 0 0 0 0 0 0]:<nil>
[fb-debug] 	recvPackets():[0 0 0 1]:<nil>
[fb-debug] 	recvPackets():[0 0 0 0]:<nil>
[fb-debug] 	recvPackets():[0 0 0 0]:<nil>
[fb-debug] opResponse
[fb-debug] 	recvPackets():[0 0 0 9]:<nil>
[fb-debug] 	recvPackets():[0 0 0 0 0 0 0 0 0 0 0 0 0 0 0 16]:<nil>
[fb-debug] 	recvPackets():[21 4 0 5 0 0 0 4 7 4 0 0 0 0 0 1]:<nil>
[fb-debug] 	recvPackets():[0 0 0 1]:<nil>
[fb-debug] 	recvPackets():[0 0 0 0]:<nil>
[fb-debug] 	recvPackets():[0 0 0 0]:<nil>
[fb-debug] opExecute():1,2,[]
[fb-debug] 	sendPackets():[0 0 0 63 0 0 0 2 0 0 0 1 0 0 0 0 0 0 0 0 0 0 0 0 0 0 0 0]
[fb-debug] opResponse
[fb-debug] 	recvPackets():[0 0 0 9]:<nil>
[fb-debug] 	recvPackets():[0 0 0 1 0 0 0 0 0 0 0 0 0 0 0 0]:<nil>
[fb-debug] 	recvPackets():[0 0 0 1]:<nil>
[fb-debug] 	recvPackets():[0 0 0 0]:<nil>
[fb-debug] 	recvPackets():[0 0 0 0]:<nil>
[fb-debug] opInfoSql
[fb-debug] 	sendPackets():[0 0 0 70 0 0 0 2 0 0 0 0 0 0 0 1 23 0 0 0 0 0 4 0]
[fb-debug] opResponse
[fb-debug] 	recvPackets():[0 0 0 9]:<nil>
[fb-debug] 	recvPackets():[0 0 0 2 0 0 0 0 0 0 0 0 0 0 0 1]:<nil>
[fb-debug] 	recvPackets():[1 0 0 0]:<nil>
[fb-debug] 	recvPackets():[0 0 0 1]:<nil>
[fb-debug] 	recvPackets():[0 0 0 0]:<nil>
[fb-debug] 	recvPackets():[0 0 0 0]:<nil>
[fb-debug] opCommitRetaining():1
[fb-debug] 	sendPackets():[0 0 0 50 0 0 0 1]
[fb-debug] opResponse
[fb-debug] 	recvPackets():[0 0 0 9]:<nil>
[fb-debug] 	recvPackets():[0 0 0 0 0 0 0 0 0 0 0 0 0 0 0 0]:<nil>
[fb-debug] 	recvPackets():[0 0 0 1]:<nil>
[fb-debug] 	recvPackets():[0 0 0 0]:<nil>
[fb-debug] 	recvPackets():[0 0 0 0]:<nil>
[fb-debug] opFreeStatement:<2>
[fb-debug] 	sendPackets():[0 0 0 67 0 0 0 2 0 0 0 2]
[fb-debug] opCommitRetaining():1
[fb-debug] 	sendPackets():[0 0 0 50 0 0 0 1]
[fb-debug] opResponse
[fb-debug] 	recvPackets():[0 0 0 9]:<nil>
[fb-debug] 	recvPackets():[255 255 255 255 0 0 0 0 0 0 0 0 0 0 0 0]:<nil>
[fb-debug] 	recvPackets():[0 0 0 1]:<nil>
[fb-debug] 	recvPackets():[0 0 0 0]:<nil>
[fb-debug] 	recvPackets():[0 0 0 0]:<nil>
[fb-debug] 	recvPackets():[0 0 0 9]:<nil>
[fb-debug] 	recvPackets():[0 0 0 0 0 0 0 0 0 0 0 0 0 0 0 0]:<nil>
[fb-debug] 	recvPackets():[0 0 0 1]:<nil>
[fb-debug] 	recvPackets():[0 0 0 0]:<nil>
[fb-debug] 	recvPackets():[0 0 0 0]:<nil>
[fb-debug] opConnect
[fb-debug] 	sendPackets():(556 bytes) [0 0 0 1 0 0 0 19 0 0 0 3 0 0 0 1 0 0 0 0 0 0 0 10 0 0 1 72 9 6 83 89 83 68 66 65 8 6 83 114 112 50 53 54 10 22 83 114 112 50 53 54 44 83 114 112 44 76 101 103 97 99 121 95]...
[fb-debug] _parse_connect_response
[fb-debug] 	recvPackets():[0 0 0 98]:<nil>
[fb-debug] 	recvPackets():[255 255 128 17 0 0 0 1 0 0 2 5]:<nil>
[fb-debug] 	recvPackets():[0 0 1 68]:<nil>
[fb-debug] 	recvPackets():(324 bytes) [64 0 66 68 50 57 56 66 56 55 51 54 51 49 56 66 68 67 48 48 53 57 53 65 66 65 54 56 65 67 53 49 70 68 48 56 56 68 54 70 67 55 67 65 51 65 49 55 57 56 49 52 55 53 70 66 68 67 48 68 53 53 68 65]...:<nil>
[fb-debug] 	recvPackets():[0 0 0 6]:<nil>
[fb-debug] 	recvPackets():[83 114 112 50 53 54 0 0]:<nil>
[fb-debug] 	recvPackets():[0 0 0 0]:<nil>
[fb-debug] 	recvPackets():[0 0 0 0]:<nil>
[fb-debug] 	recvPackets():[]:<nil>
[fb-debug] opContAuth
[fb-debug] 	sendPackets():(116 bytes) [0 0 0 92 0 0 0 64 54 97 56 101 101 50 52 50 53 57 97 99 98 99 51 50 98 57 97 57 53 98 98 56 97 53 53 55 57 56 102 52 98 50 99 100 51 55 56 99 50 51 55 49 99 56 52 54 55 56 48 54 56 57 53 51]...
[fb-debug] opResponse
[fb-debug] 	recvPackets():[0 0 0 9]:<nil>
[fb-debug] 	recvPackets():[0 0 0 0 0 0 0 0 0 0 0 0 0 0 0 77]:<nil>
[fb-debug] 	recvPackets():(80 bytes) [0 9 83 121 109 109 101 116 114 105 99 1 20 67 104 97 67 104 97 54 52 32 67 104 97 67 104 97 32 65 114 99 52 3 17 67 104 97 67 104 97 54 52 0 164 163 199 149 84 234 86 28 3 23 67 104 97 67 104 97 0 212 16 67]...:<nil>
[fb-debug] 	recvPackets():[0 0 0 1]:<nil>
[fb-debug] 	recvPackets():[0 0 0 0]:<nil>
[fb-debug] 	recvPackets():[0 0 0 0]:<nil>
[fb-debug] 	sendPackets():[0 0 0 96 0 0 0 8 67 104 97 67 104 97 54 52 0 0 0 9 83 121 109 109 101 116 114 105 99 0 0 0]
[fb-debug] opResponse
[fb-debug] 	recvPackets():[0 0 0 9]:<nil>
[fb-debug] 	recvPackets():[0 0 0 0 0 0 0 0 0 0 0 0 0 0 0 0]:<nil>
[fb-debug] 	recvPackets():[0 0 0 1]:<nil>
[fb-debug] 	recvPackets():[0 0 0 0]:<nil>
[fb-debug] 	recvPackets():[0 0 0 0]:<nil>
[fb-debug] opServiceAttach()
[fb-debug] 	sendPackets():[0 0 0 82 0 0 0 0 0 0 0 11 115 101 114 118 105 99 101 95 109 103 114 0 0 0 0 24 2 2 28 6 115 121 115 100 98 97 29 9 109 97 115 116 101 114 107 101 121 118 1 1]
[fb-debug] opResponse
[fb-debug] 	recvPackets():[0 0 0 9]:<nil>
[fb-debug] 	recvPackets():[0 0 0 0 0 0 0 0 0 0 0 0 0 0 0 0]:<nil>
[fb-debug] 	recvPackets():[0 0 0 1]:<nil>
[fb-debug] 	recvPackets():[0 0 0 0]:<nil>
[fb-debug] 	recvPackets():[0 0 0 0]:<nil>
[fb-debug] opServiceInfo([2 2], [55], -1)
[fb-debug] 	sendPackets():[0 0 0 84 0 0 0 0 0 0 0 0 0 0 0 2 2 2 0 0 0 0 0 1 55 0 0 0 0 0 4 0]
[fb-debug] opResponse
[fb-debug] 	recvPackets():[0 0 0 9]:<nil>
[fb-debug] 	recvPackets():[0 0 0 0 0 0 0 0 0 0 0 0 0 0 0 38]:<nil>
[fb-debug] 	recvPackets():[55 34 0 87 73 45 86 52 46 48 46 56 46 51 51 49 56 32 70 105 114 101 98 105 114 100 32 52 46 48 32 72 81 98 105 114 100 1 0 0]:<nil>
[fb-debug] 	recvPackets():[0 0 0 1]:<nil>
[fb-debug] 	recvPackets():[0 0 0 0]:<nil>
[fb-debug] 	recvPackets():[0 0 0 0]:<nil>
[fb-debug] opServiceDetach()
[fb-debug] 	sendPackets():[0 0 0 83 0 0 0 0]
[fb-debug] opResponse
[fb-debug] 	recvPackets():[0 0 0 9]:<nil>
[fb-debug] 	recvPackets():[0 0 0 0 0 0 0 0 0 0 0 0 0 0 0 0]:<nil>
[fb-debug] 	recvPackets():[0 0 0 1]:<nil>
[fb-debug] 	recvPackets():[0 0 0 0]:<nil>
[fb-debug] 	recvPackets():[0 0 0 0]:<nil>
[fb-debug] opAllocateStatement
[fb-debug] 	sendPackets():[0 0 0 62 0 0 0 0]
[fb-debug] opPrepareStatement():1,-1,INSERT INTO t_cr VALUES (1, 10)
[fb-debug] 	sendPackets():(76 bytes) [0 0 0 68 0 0 0 1 255 255 255 255 0 0 0 3 0 0 0 31 73 78 83 69 82 84 32 73 78 84 79 32 116 95 99 114 32 86 65 76 85 69 83 32 40 49 44 32 49 48 41 0 0 0 0 14 21 4 7 9 11 12 13 14]...
[fb-debug] opResponse
[fb-debug] 	recvPackets():[0 0 0 9]:<nil>
[fb-debug] 	recvPackets():[0 0 0 2 0 0 0 0 0 0 0 0 0 0 0 0]:<nil>
[fb-debug] 	recvPackets():[0 0 0 1]:<nil>
[fb-debug] 	recvPackets():[0 0 0 0]:<nil>
[fb-debug] 	recvPackets():[0 0 0 0]:<nil>
[fb-debug] opResponse
[fb-debug] 	recvPackets():[0 0 0 9]:<nil>
[fb-debug] 	recvPackets():[0 0 0 0 0 0 0 0 0 0 0 0 0 0 0 16]:<nil>
[fb-debug] 	recvPackets():[21 4 0 2 0 0 0 4 7 4 0 0 0 0 0 1]:<nil>
[fb-debug] 	recvPackets():[0 0 0 1]:<nil>
[fb-debug] 	recvPackets():[0 0 0 0]:<nil>
[fb-debug] 	recvPackets():[0 0 0 0]:<nil>
[fb-debug] opExecute():1,2,[]
[fb-debug] 	sendPackets():[0 0 0 63 0 0 0 2 0 0 0 1 0 0 0 0 0 0 0 0 0 0 0 0 0 0 0 0]
[fb-debug] opResponse
[fb-debug] 	recvPackets():[0 0 0 9]:<nil>
[fb-debug] 	recvPackets():[0 0 0 1 0 0 0 0 0 0 0 0 0 0 0 0]:<nil>
[fb-debug] 	recvPackets():[0 0 0 1]:<nil>
[fb-debug] 	recvPackets():[0 0 0 0]:<nil>
[fb-debug] 	recvPackets():[0 0 0 0]:<nil>
[fb-debug] opInfoSql
[fb-debug] 	sendPackets():[0 0 0 70 0 0 0 2 0 0 0 0 0 0 0 1 23 0 0 0 0 0 4 0]
[fb-debug] opResponse
[fb-debug] 	recvPackets():[0 0 0 9]:<nil>
[fb-debug] 	recvPackets():[0 0 0 2 0 0 0 0 0 0 0 0 0 0 0 33]:<nil>
[fb-debug] 	recvPackets():[23 29 0 15 4 0 0 0 0 0 16 4 0 0 0 0 0 13 4 0 0 0 0 0 14 4 0 1 0 0 0 1 1 0 0 0]:<nil>
[fb-debug] 	recvPackets():[0 0 0 1]:<nil>
[fb-debug] 	recvPackets():[0 0 0 0]:<nil>
[fb-debug] 	recvPackets():[0 0 0 0]:<nil>
[fb-debug] opCommitRetaining():1
[fb-debug] 	sendPackets():[0 0 0 50 0 0 0 1]
[fb-debug] opResponse
[fb-debug] 	recvPackets():[0 0 0 9]:<nil>
[fb-debug] 	recvPackets():[0 0 0 0 0 0 0 0 0 0 0 0 0 0 0 0]:<nil>
[fb-debug] 	recvPackets():[0 0 0 1]:<nil>
[fb-debug] 	recvPackets():[0 0 0 0]:<nil>
[fb-debug] 	recvPackets():[0 0 0 0]:<nil>
[fb-debug] opFreeStatement:<2>
[fb-debug] 	sendPackets():[0 0 0 67 0 0 0 2 0 0 0 2]
[fb-debug] opCommitRetaining():1
[fb-debug] 	sendPackets():[0 0 0 50 0 0 0 1]
[fb-debug] opResponse
[fb-debug] 	recvPackets():[0 0 0 9]:<nil>
[fb-debug] 	recvPackets():[255 255 255 255 0 0 0 0 0 0 0 0 0 0 0 0]:<nil>
[fb-debug] 	recvPackets():[0 0 0 1]:<nil>
[fb-debug] 	recvPackets():[0 0 0 0]:<nil>
[fb-debug] 	recvPackets():[0 0 0 0]:<nil>
[fb-debug] 	recvPackets():[0 0 0 9]:<nil>
[fb-debug] 	recvPackets():[0 0 0 0 0 0 0 0 0 0 0 0 0 0 0 0]:<nil>
[fb-debug] 	recvPackets():[0 0 0 1]:<nil>
[fb-debug] 	recvPackets():[0 0 0 0]:<nil>
[fb-debug] 	recvPackets():[0 0 0 0]:<nil>
[fb-debug] opCommitRetaining():1
[fb-debug] 	sendPackets():[0 0 0 50 0 0 0 1]
[fb-debug] opResponse
[fb-debug] 	recvPackets():[0 0 0 9]:<nil>
[fb-debug] 	recvPackets():[0 0 0 0 0 0 0 0 0 0 0 0 0 0 0 0]:<nil>
[fb-debug] 	recvPackets():[0 0 0 1]:<nil>
[fb-debug] 	recvPackets():[0 0 0 0]:<nil>
[fb-debug] 	recvPackets():[0 0 0 0]:<nil>
[fb-debug] opAllocateStatement
[fb-debug] 	sendPackets():[0 0 0 62 0 0 0 0]
[fb-debug] opPrepareStatement():1,-1,INSERT INTO t_cr VALUES (2, 20)
[fb-debug] 	sendPackets():(76 bytes) [0 0 0 68 0 0 0 1 255 255 255 255 0 0 0 3 0 0 0 31 73 78 83 69 82 84 32 73 78 84 79 32 116 95 99 114 32 86 65 76 85 69 83 32 40 50 44 32 50 48 41 0 0 0 0 14 21 4 7 9 11 12 13 14]...
[fb-debug] opResponse
[fb-debug] 	recvPackets():[0 0 0 9]:<nil>
[fb-debug] 	recvPackets():[0 0 0 2 0 0 0 0 0 0 0 0 0 0 0 0]:<nil>
[fb-debug] 	recvPackets():[0 0 0 1]:<nil>
[fb-debug] 	recvPackets():[0 0 0 0]:<nil>
[fb-debug] 	recvPackets():[0 0 0 0]:<nil>
[fb-debug] opResponse
[fb-debug] 	recvPackets():[0 0 0 9]:<nil>
[fb-debug] 	recvPackets():[0 0 0 0 0 0 0 0 0 0 0 0 0 0 0 16]:<nil>
[fb-debug] 	recvPackets():[21 4 0 2 0 0 0 4 7 4 0 0 0 0 0 1]:<nil>
[fb-debug] 	recvPackets():[0 0 0 1]:<nil>
[fb-debug] 	recvPackets():[0 0 0 0]:<nil>
[fb-debug] 	recvPackets():[0 0 0 0]:<nil>
[fb-debug] opExecute():1,2,[]
[fb-debug] 	sendPackets():[0 0 0 63 0 0 0 2 0 0 0 1 0 0 0 0 0 0 0 0 0 0 0 0 0 0 0 0]
[fb-debug] opResponse
[fb-debug] 	recvPackets():[0 0 0 9]:<nil>
[fb-debug] 	recvPackets():[0 0 0 1 0 0 0 0 0 0 0 0 0 0 0 0]:<nil>
[fb-debug] 	recvPackets():[0 0 0 1]:<nil>
[fb-debug] 	recvPackets():[0 0 0 0]:<nil>
[fb-debug] 	recvPackets():[0 0 0 0]:<nil>
[fb-debug] opInfoSql
[fb-debug] 	sendPackets():[0 0 0 70 0 0 0 2 0 0 0 0 0 0 0 1 23 0 0 0 0 0 4 0]
[fb-debug] opResponse
[fb-debug] 	recvPackets():[0 0 0 9]:<nil>
[fb-debug] 	recvPackets():[0 0 0 2 0 0 0 0 0 0 0 0 0 0 0 33]:<nil>
[fb-debug] 	recvPackets():[23 29 0 15 4 0 0 0 0 0 16 4 0 0 0 0 0 13 4 0 0 0 0 0 14 4 0 1 0 0 0 1 1 0 0 0]:<nil>
[fb-debug] 	recvPackets():[0 0 0 1]:<nil>
[fb-debug] 	recvPackets():[0 0 0 0]:<nil>
[fb-debug] 	recvPackets():[0 0 0 0]:<nil>
[fb-debug] opCommitRetaining():1
[fb-debug] 	sendPackets():[0 0 0 50 0 0 0 1]
[fb-debug] opResponse
[fb-debug] 	recvPackets():[0 0 0 9]:<nil>
[fb-debug] 	recvPackets():[0 0 0 0 0 0 0 0 0 0 0 0 0 0 0 0]:<nil>
[fb-debug] 	recvPackets():[0 0 0 1]:<nil>
[fb-debug] 	recvPackets():[0 0 0 0]:<nil>
[fb-debug] 	recvPackets():[0 0 0 0]:<nil>
[fb-debug] opFreeStatement:<2>
[fb-debug] 	sendPackets():[0 0 0 67 0 0 0 2 0 0 0 2]
[fb-debug] opCommitRetaining():1
[fb-debug] 	sendPackets():[0 0 0 50 0 0 0 1]
[fb-debug] opResponse
[fb-debug] 	recvPackets():[0 0 0 9]:<nil>
[fb-debug] 	recvPackets():[255 255 255 255 0 0 0 0 0 0 0 0 0 0 0 0]:<nil>
[fb-debug] 	recvPackets():[0 0 0 1]:<nil>
[fb-debug] 	recvPackets():[0 0 0 0]:<nil>
[fb-debug] 	recvPackets():[0 0 0 0]:<nil>
[fb-debug] 	recvPackets():[0 0 0 9]:<nil>
[fb-debug] 	recvPackets():[0 0 0 0 0 0 0 0 0 0 0 0 0 0 0 0]:<nil>
[fb-debug] 	recvPackets():[0 0 0 1]:<nil>
[fb-debug] 	recvPackets():[0 0 0 0]:<nil>
[fb-debug] 	recvPackets():[0 0 0 0]:<nil>
[fb-debug] opCommitRetaining():1
[fb-debug] 	sendPackets():[0 0 0 50 0 0 0 1]
[fb-debug] opResponse
[fb-debug] 	recvPackets():[0 0 0 9]:<nil>
[fb-debug] 	recvPackets():[0 0 0 0 0 0 0 0 0 0 0 0 0 0 0 0]:<nil>
[fb-debug] 	recvPackets():[0 0 0 1]:<nil>
[fb-debug] 	recvPackets():[0 0 0 0]:<nil>
[fb-debug] 	recvPackets():[0 0 0 0]:<nil>
[fb-debug] opAllocateStatement
[fb-debug] 	sendPackets():[0 0 0 62 0 0 0 0]
[fb-debug] opPrepareStatement():1,-1,SELECT COUNT(*) FROM t_cr
[fb-debug] 	sendPackets():(72 bytes) [0 0 0 68 0 0 0 1 255 255 255 255 0 0 0 3 0 0 0 25 83 69 76 69 67 84 32 67 79 85 78 84 40 42 41 32 70 82 79 77 32 116 95 99 114 0 0 0 0 0 0 14 21 4 7 9 11 12 13 14 15 16 17 18]...
[fb-debug] opResponse
[fb-debug] 	recvPackets():[0 0 0 9]:<nil>
[fb-debug] 	recvPackets():[0 0 0 2 0 0 0 0 0 0 0 0 0 0 0 0]:<nil>
[fb-debug] 	recvPackets():[0 0 0 1]:<nil>
[fb-debug] 	recvPackets():[0 0 0 0]:<nil>
[fb-debug] 	recvPackets():[0 0 0 0]:<nil>
[fb-debug] opResponse
[fb-debug] 	recvPackets():[0 0 0 9]:<nil>
[fb-debug] 	recvPackets():[0 0 0 4 0 0 0 0 0 0 0 0 0 0 0 81]:<nil>
[fb-debug] 	recvPackets():(84 bytes) [21 4 0 1 0 0 0 4 7 4 0 1 0 0 0 9 4 0 1 0 0 0 11 4 0 68 2 0 0 12 4 0 0 0 0 0 13 4 0 0 0 0 0 14 4 0 8 0 0 0 15 4 0 0 0 0 0 16 5 0 67 79 85 78]...:<nil>
[fb-debug] 	recvPackets():[0 0 0 1]:<nil>
[fb-debug] 	recvPackets():[0 0 0 0]:<nil>
[fb-debug] 	recvPackets():[0 0 0 0]:<nil>
[fb-debug] opExecute():1,2,[]
[fb-debug] 	sendPackets():[0 0 0 63 0 0 0 2 0 0 0 1 0 0 0 0 0 0 0 0 0 0 0 0 0 0 0 0]
[fb-debug] opResponse
[fb-debug] 	recvPackets():[0 0 0 9]:<nil>
[fb-debug] 	recvPackets():[0 0 0 1 0 0 0 0 0 0 0 0 0 0 0 0]:<nil>
[fb-debug] 	recvPackets():[0 0 0 1]:<nil>
[fb-debug] 	recvPackets():[0 0 0 0]:<nil>
[fb-debug] 	recvPackets():[0 0 0 0]:<nil>
[fb-debug] opFetch
[fb-debug] 	sendPackets():[0 0 0 65 0 0 0 2 0 0 0 12 5 2 4 0 2 0 16 0 7 0 255 76 0 0 0 0 0 0 1 144]
[fb-debug] opFetchResponse
[fb-debug] 	recvPackets():[0 0 0 66]:<nil>
[fb-debug] 	recvPackets():[0 0 0 0 0 0 0 1]:<nil>
[fb-debug] 	recvPackets():[0 0 0 0]:<nil>
[fb-debug] 	recvPackets():[0 0 0 0 0 0 0 2]:<nil>
[fb-debug] 	recvPackets():[0 0 0 66]:<nil>
[fb-debug] 	recvPackets():[0 0 0 100 0 0 0 0]:<nil>
[fb-debug] opFreeStatement:<2>
[fb-debug] 	sendPackets():[0 0 0 67 0 0 0 2 0 0 0 2]
[fb-debug] opCommitRetaining():1
[fb-debug] 	sendPackets():[0 0 0 50 0 0 0 1]
[fb-debug] opResponse
[fb-debug] 	recvPackets():[0 0 0 9]:<nil>
[fb-debug] 	recvPackets():[255 255 255 255 0 0 0 0 0 0 0 0 0 0 0 0]:<nil>
[fb-debug] 	recvPackets():[0 0 0 1]:<nil>
[fb-debug] 	recvPackets():[0 0 0 0]:<nil>
[fb-debug] 	recvPackets():[0 0 0 0]:<nil>
[fb-debug] 	recvPackets():[0 0 0 9]:<nil>
[fb-debug] 	recvPackets():[0 0 0 0 0 0 0 0 0 0 0 0 0 0 0 0]:<nil>
[fb-debug] 	recvPackets():[0 0 0 1]:<nil>
[fb-debug] 	recvPackets():[0 0 0 0]:<nil>
[fb-debug] 	recvPackets():[0 0 0 0]:<nil>
[fb-debug] opAllocateStatement
[fb-debug] 	sendPackets():[0 0 0 62 0 0 0 0]
[fb-debug] opPrepareStatement():1,-1,INSERT INTO t_cr VALUES (3, 30)
[fb-debug] 	sendPackets():(76 bytes) [0 0 0 68 0 0 0 1 255 255 255 255 0 0 0 3 0 0 0 31 73 78 83 69 82 84 32 73 78 84 79 32 116 95 99 114 32 86 65 76 85 69 83 32 40 51 44 32 51 48 41 0 0 0 0 14 21 4 7 9 11 12 13 14]...
[fb-debug] opResponse
[fb-debug] 	recvPackets():[0 0 0 9]:<nil>
[fb-debug] 	recvPackets():[0 0 0 2 0 0 0 0 0 0 0 0 0 0 0 0]:<nil>
[fb-debug] 	recvPackets():[0 0 0 1]:<nil>
[fb-debug] 	recvPackets():[0 0 0 0]:<nil>
[fb-debug] 	recvPackets():[0 0 0 0]:<nil>
[fb-debug] opResponse
[fb-debug] 	recvPackets():[0 0 0 9]:<nil>
[fb-debug] 	recvPackets():[0 0 0 0 0 0 0 0 0 0 0 0 0 0 0 16]:<nil>
[fb-debug] 	recvPackets():[21 4 0 2 0 0 0 4 7 4 0 0 0 0 0 1]:<nil>
[fb-debug] 	recvPackets():[0 0 0 1]:<nil>
[fb-debug] 	recvPackets():[0 0 0 0]:<nil>
[fb-debug] 	recvPackets():[0 0 0 0]:<nil>
[fb-debug] opExecute():1,2,[]
[fb-debug] 	sendPackets():[0 0 0 63 0 0 0 2 0 0 0 1 0 0 0 0 0 0 0 0 0 0 0 0 0 0 0 0]
[fb-debug] opResponse
[fb-debug] 	recvPackets():[0 0 0 9]:<nil>
[fb-debug] 	recvPackets():[0 0 0 1 0 0 0 0 0 0 0 0 0 0 0 0]:<nil>
[fb-debug] 	recvPackets():[0 0 0 1]:<nil>
[fb-debug] 	recvPackets():[0 0 0 0]:<nil>
[fb-debug] 	recvPackets():[0 0 0 0]:<nil>
[fb-debug] opInfoSql
[fb-debug] 	sendPackets():[0 0 0 70 0 0 0 2 0 0 0 0 0 0 0 1 23 0 0 0 0 0 4 0]
[fb-debug] opResponse
[fb-debug] 	recvPackets():[0 0 0 9]:<nil>
[fb-debug] 	recvPackets():[0 0 0 2 0 0 0 0 0 0 0 0 0 0 0 33]:<nil>
[fb-debug] 	recvPackets():[23 29 0 15 4 0 0 0 0 0 16 4 0 0 0 0 0 13 4 0 0 0 0 0 14 4 0 1 0 0 0 1 1 0 0 0]:<nil>
[fb-debug] 	recvPackets():[0 0 0 1]:<nil>
[fb-debug] 	recvPackets():[0 0 0 0]:<nil>
[fb-debug] 	recvPackets():[0 0 0 0]:<nil>
[fb-debug] opCommitRetaining():1
[fb-debug] 	sendPackets():[0 0 0 50 0 0 0 1]
[fb-debug] opResponse
[fb-debug] 	recvPackets():[0 0 0 9]:<nil>
[fb-debug] 	recvPackets():[0 0 0 0 0 0 0 0 0 0 0 0 0 0 0 0]:<nil>
[fb-debug] 	recvPackets():[0 0 0 1]:<nil>
[fb-debug] 	recvPackets():[0 0 0 0]:<nil>
[fb-debug] 	recvPackets():[0 0 0 0]:<nil>
[fb-debug] opFreeStatement:<2>
[fb-debug] 	sendPackets():[0 0 0 67 0 0 0 2 0 0 0 2]
[fb-debug] opCommitRetaining():1
[fb-debug] 	sendPackets():[0 0 0 50 0 0 0 1]
[fb-debug] opResponse
[fb-debug] 	recvPackets():[0 0 0 9]:<nil>
[fb-debug] 	recvPackets():[255 255 255 255 0 0 0 0 0 0 0 0 0 0 0 0]:<nil>
[fb-debug] 	recvPackets():[0 0 0 1]:<nil>
[fb-debug] 	recvPackets():[0 0 0 0]:<nil>
[fb-debug] 	recvPackets():[0 0 0 0]:<nil>
[fb-debug] 	recvPackets():[0 0 0 9]:<nil>
[fb-debug] 	recvPackets():[0 0 0 0 0 0 0 0 0 0 0 0 0 0 0 0]:<nil>
[fb-debug] 	recvPackets():[0 0 0 1]:<nil>
[fb-debug] 	recvPackets():[0 0 0 0]:<nil>
[fb-debug] 	recvPackets():[0 0 0 0]:<nil>
panic: test timed out after 25s
	running tests:
		TestLiveCommitRetainingAndReuse (25s)

goroutine 16 [running]:
testing.(*M).startAlarm.func1()
	C:/Program Files/Go/src/testing/testing.go:2484 +0x394
created by time.goFunc
	C:/Program Files/Go/src/time/sleep.go:215 +0x2d

goroutine 1 [chan receive]:
testing.(*T).Run(0xc00008e8c0, {0x1083374?, 0x7ffd2c9427c0?}, 0x10bb130)
	C:/Program Files/Go/src/testing/testing.go:1859 +0x414
testing.runTests.func1(0xc00008e8c0)
	C:/Program Files/Go/src/testing/testing.go:2279 +0x37
testing.tRunner(0xc00008e8c0, 0xc000113c70)
	C:/Program Files/Go/src/testing/testing.go:1792 +0xcb
testing.runTests(0xc000098210, {0x1445520, 0x133, 0x133}, {0x144a1a0?, 0x7?, 0x1449020?})
	C:/Program Files/Go/src/testing/testing.go:2277 +0x4b4
testing.(*M).Run(0xc00009adc0)
	C:/Program Files/Go/src/testing/testing.go:2142 +0x64a
main.main()
	_testmain.go:677 +0x9b

goroutine 20 [select]:
database/sql.(*DB).conn(0xc00002c410, {0x112a5a8, 0x14912c0}, 0x1)
	C:/Program Files/Go/src/database/sql/sql.go:1369 +0x425
database/sql.(*DB).begin(0xc00002c410, {0x112a5a8, 0x14912c0}, 0xc000035ed0, 0x40?)
	C:/Program Files/Go/src/database/sql/sql.go:1891 +0x2d
database/sql.(*DB).BeginTx.func1(0x80?)
	C:/Program Files/Go/src/database/sql/sql.go:1874 +0x3e
database/sql.(*DB).retry(0xd716a0?, 0xc000035e30)
	C:/Program Files/Go/src/database/sql/sql.go:1576 +0x42
database/sql.(*DB).BeginTx(0x1128670?, {0x112a5a8?, 0x14912c0?}, 0x0?)
	C:/Program Files/Go/src/database/sql/sql.go:1873 +0x6c
github.com/nakagami/firebirdsql.TestLiveCommitRetainingAndReuse(0xc00008ea80)
	E:/Projects_2026/firebirdsql/extended_intents_test.go:262 +0x405
testing.tRunner(0xc00008ea80, 0x10bb130)
	C:/Program Files/Go/src/testing/testing.go:1792 +0xcb
created by testing.(*T).Run in goroutine 1
	C:/Program Files/Go/src/testing/testing.go:1851 +0x3f6

goroutine 5 [select]:
database/sql.(*DB).connectionOpener(0xc00002c410, {0x112a810, 0xc00019c050})
	C:/Program Files/Go/src/database/sql/sql.go:1261 +0x87
created by database/sql.OpenDB in goroutine 20
	C:/Program Files/Go/src/database/sql/sql.go:841 +0x130

goroutine 15 [chan receive]:
database/sql.(*Tx).awaitDone(0xc00003c480)
	C:/Program Files/Go/src/database/sql/sql.go:2212 +0x29
created by database/sql.(*DB).beginDC in goroutine 20
	C:/Program Files/Go/src/database/sql/sql.go:1925 +0x1ef
FAIL	github.com/nakagami/firebirdsql	26.463s
FAIL
