[fb-debug] opConnect
[fb-debug] 	sendPackets():(640 bytes) [0 0 0 1 0 0 0 19 0 0 0 3 0 0 0 1 0 0 0 83 67 58 92 85 115 101 114 115 92 97 108 101 107 115 92 65 112 112 68 97 116 97 92 76 111 99 97 108 92 84 101 109 112 92 116 101 115 116 95 115 110 97 112 95]...
[fb-debug] _parse_connect_response
[fb-debug] 	recvPackets():[0 0 0 98]:<nil>
[fb-debug] 	recvPackets():[255 255 128 17 0 0 0 1 0 0 2 5]:<nil>
[fb-debug] 	recvPackets():[0 0 1 68]:<nil>
[fb-debug] 	recvPackets():(324 bytes) [64 0 66 68 50 57 56 66 56 55 51 54 51 49 56 66 68 67 48 48 53 57 53 65 66 65 54 56 65 67 53 49 70 68 48 56 56 68 54 70 67 55 67 65 51 65 49 55 57 56 49 52 55 53 70 66 68 67 48 68 53 53 68 65]...:<nil>
[fb-debug] 	recvPackets():[0 0 0 6]:<nil>
[fb-debug] 	recvPackets():[83 114 112 50 53 54 0 0]:<nil>
[fb-debug] 	recvPackets():[0 0 0 0]:<nil>
[fb-debug] 	recvPackets():[0 0 0 0]:<nil>
[fb-debug] 	recvPackets():[]:<nil>
[fb-debug] opContAuth
[fb-debug] 	sendPackets():(116 bytes) [0 0 0 92 0 0 0 64 49 53 49 99 57 54 51 51 53 51 54 54 98 49 100 102 57 99 56 49 97 56 98 57 97 98 101 51 98 97 99 53 97 51 98 54 53 50 48 101 51 97 53 55 52 101 57 51 57 49 102 99 98 55 101 48]...
[fb-debug] opResponse
[fb-debug] 	recvPackets():[0 0 0 9]:<nil>
[fb-debug] 	recvPackets():[0 0 0 0 0 0 0 0 0 0 0 0 0 0 0 77]:<nil>
[fb-debug] 	recvPackets():(80 bytes) [0 9 83 121 109 109 101 116 114 105 99 1 20 67 104 97 67 104 97 54 52 32 67 104 97 67 104 97 32 65 114 99 52 3 17 67 104 97 67 104 97 54 52 0 215 25 181 93 49 48 144 94 3 23 67 104 97 67 104 97 0 180 207 180]...:<nil>
[fb-debug] 	recvPackets():[0 0 0 1]:<nil>
[fb-debug] 	recvPackets():[0 0 0 0]:<nil>
[fb-debug] 	recvPackets():[0 0 0 0]:<nil>
[fb-debug] 	sendPackets():[0 0 0 96 0 0 0 8 67 104 97 67 104 97 54 52 0 0 0 9 83 121 109 109 101 116 114 105 99 0 0 0]
[fb-debug] opResponse
[fb-debug] 	recvPackets():[0 0 0 9]:<nil>
[fb-debug] 	recvPackets():[0 0 0 0 0 0 0 0 0 0 0 0 0 0 0 0]:<nil>
[fb-debug] 	recvPackets():[0 0 0 1]:<nil>
[fb-debug] 	recvPackets():[0 0 0 0]:<nil>
[fb-debug] 	recvPackets():[0 0 0 0]:<nil>
[fb-debug] opCreate
[fb-debug] 	sendPackets():(164 bytes) [0 0 0 20 0 0 0 0 0 0 0 83 67 58 92 85 115 101 114 115 92 97 108 101 107 115 92 65 112 112 68 97 116 97 92 76 111 99 97 108 92 84 101 109 112 92 116 101 115 116 95 115 110 97 112 95 114 111 95 100 100 99 56 100]...
[fb-debug] opResponse
[fb-debug] 	recvPackets():[0 0 0 9]:<nil>
[fb-debug] 	recvPackets():[0 0 0 0 0 0 0 0 0 0 0 0 0 0 0 0]:<nil>
[fb-debug] 	recvPackets():[0 0 0 1]:<nil>
[fb-debug] 	recvPackets():[0 0 0 0]:<nil>
[fb-debug] 	recvPackets():[0 0 0 0]:<nil>
[fb-debug] opTransaction
[fb-debug] 	sendPackets():[0 0 0 29 0 0 0 0 0 0 0 5 3 9 6 15 17 0 0 0]
[fb-debug] opResponse
[fb-debug] 	recvPackets():[0 0 0 9]:<nil>
[fb-debug] 	recvPackets():[0 0 0 1 0 0 0 0 0 0 0 0 0 0 0 0]:<nil>
[fb-debug] 	recvPackets():[0 0 0 1]:<nil>
[fb-debug] 	recvPackets():[0 0 0 0]:<nil>
[fb-debug] 	recvPackets():[0 0 0 0]:<nil>
[fb-debug] opAllocateStatement
[fb-debug] 	sendPackets():[0 0 0 62 0 0 0 0]
[fb-debug] opPrepareStatement():1,-1,select * from rdb$database
[fb-debug] 	sendPackets():(72 bytes) [0 0 0 68 0 0 0 1 255 255 255 255 0 0 0 3 0 0 0 26 115 101 108 101 99 116 32 42 32 102 114 111 109 32 114 100 98 36 100 97 116 97 98 97 115 101 0 0 0 0 0 14 21 4 7 9 11 12 13 14 15 16 17 18]...
[fb-debug] opResponse
[fb-debug] 	recvPackets():[0 0 0 9]:<nil>
[fb-debug] 	recvPackets():[0 0 0 2 0 0 0 0 0 0 0 0 0 0 0 0]:<nil>
[fb-debug] 	recvPackets():[0 0 0 1]:<nil>
[fb-debug] 	recvPackets():[0 0 0 0]:<nil>
[fb-debug] 	recvPackets():[0 0 0 0]:<nil>
[fb-debug] opResponse
[fb-debug] 	recvPackets():[0 0 0 9]:<nil>
[fb-debug] 	recvPackets():[0 0 0 4 0 0 0 0 0 0 0 0 0 0 2 134]:<nil>
[fb-debug] 	recvPackets():(648 bytes) [21 4 0 1 0 0 0 4 7 4 0 6 0 0 0 9 4 0 1 0 0 0 11 4 0 9 2 0 0 12 4 0 1 0 0 0 13 4 0 4 0 0 0 14 4 0 8 0 0 0 15 4 0 1 0 0 0 16 15 0 82 68 66 36]...:<nil>
[fb-debug] 	recvPackets():[0 0 0 1]:<nil>
[fb-debug] 	recvPackets():[0 0 0 0]:<nil>
[fb-debug] 	recvPackets():[0 0 0 0]:<nil>
[fb-debug] opExecute():1,2,[]
[fb-debug] 	sendPackets():[0 0 0 63 0 0 0 2 0 0 0 1 0 0 0 0 0 0 0 0 0 0 0 0 0 0 0 0]
[fb-debug] opResponse
[fb-debug] 	recvPackets():[0 0 0 9]:<nil>
[fb-debug] 	recvPackets():[0 0 0 1 0 0 0 0 0 0 0 0 0 0 0 0]:<nil>
[fb-debug] 	recvPackets():[0 0 0 1]:<nil>
[fb-debug] 	recvPackets():[0 0 0 0]:<nil>
[fb-debug] 	recvPackets():[0 0 0 0]:<nil>
[fb-debug] opInfoSql
[fb-debug] 	sendPackets():[0 0 0 70 0 0 0 2 0 0 0 0 0 0 0 1 23 0 0 0 0 0 4 0]
[fb-debug] opResponse
[fb-debug] 	recvPackets():[0 0 0 9]:<nil>
[fb-debug] 	recvPackets():[0 0 0 2 0 0 0 0 0 0 0 0 0 0 0 33]:<nil>
[fb-debug] 	recvPackets():[23 29 0 15 4 0 0 0 0 0 16 4 0 0 0 0 0 13 4 0 0 0 0 0 14 4 0 0 0 0 0 1 1 0 0 0]:<nil>
[fb-debug] 	recvPackets():[0 0 0 1]:<nil>
[fb-debug] 	recvPackets():[0 0 0 0]:<nil>
[fb-debug] 	recvPackets():[0 0 0 0]:<nil>
[fb-debug] opCommitRetaining():1
[fb-debug] 	sendPackets():[0 0 0 50 0 0 0 1]
[fb-debug] opResponse
[fb-debug] 	recvPackets():[0 0 0 9]:<nil>
[fb-debug] 	recvPackets():[0 0 0 0 0 0 0 0 0 0 0 0 0 0 0 0]:<nil>
[fb-debug] 	recvPackets():[0 0 0 1]:<nil>
[fb-debug] 	recvPackets():[0 0 0 0]:<nil>
[fb-debug] 	recvPackets():[0 0 0 0]:<nil>
[fb-debug] opFreeStatement:<2>
[fb-debug] 	sendPackets():[0 0 0 67 0 0 0 2 0 0 0 2]
[fb-debug] opCommitRetaining():1
[fb-debug] 	sendPackets():[0 0 0 50 0 0 0 1]
[fb-debug] opResponse
[fb-debug] 	recvPackets():[0 0 0 9]:<nil>
[fb-debug] 	recvPackets():[255 255 255 255 0 0 0 0 0 0 0 0 0 0 0 0]:<nil>
[fb-debug] 	recvPackets():[0 0 0 1]:<nil>
[fb-debug] 	recvPackets():[0 0 0 0]:<nil>
[fb-debug] 	recvPackets():[0 0 0 0]:<nil>
[fb-debug] 	recvPackets():[0 0 0 9]:<nil>
[fb-debug] 	recvPackets():[0 0 0 0 0 0 0 0 0 0 0 0 0 0 0 0]:<nil>
[fb-debug] 	recvPackets():[0 0 0 1]:<nil>
[fb-debug] 	recvPackets():[0 0 0 0]:<nil>
[fb-debug] 	recvPackets():[0 0 0 0]:<nil>
[fb-debug] opRollback():1
[fb-debug] 	sendPackets():[0 0 0 31 0 0 0 1]
[fb-debug] opResponse
[fb-debug] 	recvPackets():[0 0 0 9]:<nil>
[fb-debug] 	recvPackets():[0 0 0 0 0 0 0 0 0 0 0 0 0 0 0 0]:<nil>
[fb-debug] 	recvPackets():[0 0 0 1]:<nil>
[fb-debug] 	recvPackets():[0 0 0 0]:<nil>
[fb-debug] 	recvPackets():[0 0 0 0]:<nil>
[fb-debug] opDetach
[fb-debug] 	sendPackets():[0 0 0 21 0 0 0 0]
[fb-debug] opResponse
[fb-debug] 	recvPackets():[0 0 0 9]:<nil>
[fb-debug] 	recvPackets():[0 0 0 0 0 0 0 0 0 0 0 0 0 0 0 0]:<nil>
[fb-debug] 	recvPackets():[0 0 0 1]:<nil>
[fb-debug] 	recvPackets():[0 0 0 0]:<nil>
[fb-debug] 	recvPackets():[0 0 0 0]:<nil>
[fb-debug] opConnect
[fb-debug] 	sendPackets():(640 bytes) [0 0 0 1 0 0 0 19 0 0 0 3 0 0 0 1 0 0 0 83 67 58 92 85 115 101 114 115 92 97 108 101 107 115 92 65 112 112 68 97 116 97 92 76 111 99 97 108 92 84 101 109 112 92 116 101 115 116 95 115 110 97 112 95]...
[fb-debug] _parse_connect_response
[fb-debug] 	recvPackets():[0 0 0 98]:<nil>
[fb-debug] 	recvPackets():[255 255 128 17 0 0 0 1 0 0 2 5]:<nil>
[fb-debug] 	recvPackets():[0 0 1 68]:<nil>
[fb-debug] 	recvPackets():(324 bytes) [64 0 66 68 50 57 56 66 56 55 51 54 51 49 56 66 68 67 48 48 53 57 53 65 66 65 54 56 65 67 53 49 70 68 48 56 56 68 54 70 67 55 67 65 51 65 49 55 57 56 49 52 55 53 70 66 68 67 48 68 53 53 68 65]...:<nil>
[fb-debug] 	recvPackets():[0 0 0 6]:<nil>
[fb-debug] 	recvPackets():[83 114 112 50 53 54 0 0]:<nil>
[fb-debug] 	recvPackets():[0 0 0 0]:<nil>
[fb-debug] 	recvPackets():[0 0 0 0]:<nil>
[fb-debug] 	recvPackets():[]:<nil>
[fb-debug] opContAuth
[fb-debug] 	sendPackets():(116 bytes) [0 0 0 92 0 0 0 64 53 53 50 100 53 54 50 53 99 49 51 100 48 55 100 100 56 51 57 101 49 48 52 52 100 97 54 51 101 52 99 54 53 48 97 56 52 99 97 99 53 98 102 56 50 49 51 48 57 55 53 99 50 53 51 57]...
[fb-debug] opResponse
[fb-debug] 	recvPackets():[0 0 0 9]:<nil>
[fb-debug] 	recvPackets():[0 0 0 0 0 0 0 0 0 0 0 0 0 0 0 77]:<nil>
[fb-debug] 	recvPackets():(80 bytes) [0 9 83 121 109 109 101 116 114 105 99 1 20 67 104 97 67 104 97 54 52 32 67 104 97 67 104 97 32 65 114 99 52 3 17 67 104 97 67 104 97 54 52 0 31 120 56 41 89 88 159 253 3 23 67 104 97 67 104 97 0 131 187 176]...:<nil>
[fb-debug] 	recvPackets():[0 0 0 1]:<nil>
[fb-debug] 	recvPackets():[0 0 0 0]:<nil>
[fb-debug] 	recvPackets():[0 0 0 0]:<nil>
[fb-debug] 	sendPackets():[0 0 0 96 0 0 0 8 67 104 97 67 104 97 54 52 0 0 0 9 83 121 109 109 101 116 114 105 99 0 0 0]
[fb-debug] opResponse
[fb-debug] 	recvPackets():[0 0 0 9]:<nil>
[fb-debug] 	recvPackets():[0 0 0 0 0 0 0 0 0 0 0 0 0 0 0 0]:<nil>
[fb-debug] 	recvPackets():[0 0 0 1]:<nil>
[fb-debug] 	recvPackets():[0 0 0 0]:<nil>
[fb-debug] 	recvPackets():[0 0 0 0]:<nil>
[fb-debug] opAttach
[fb-debug] 	sendPackets():(252 bytes) [0 0 0 19 0 0 0 0 0 0 0 83 67 58 92 85 115 101 114 115 92 97 108 101 107 115 92 65 112 112 68 97 116 97 92 76 111 99 97 108 92 84 101 109 112 92 116 101 115 116 95 115 110 97 112 95 114 111 95 100 100 99 56 100]...
[fb-debug] opResponse
[fb-debug] 	recvPackets():[0 0 0 9]:<nil>
[fb-debug] 	recvPackets():[0 0 0 0 0 0 0 0 0 0 0 0 0 0 0 0]:<nil>
[fb-debug] 	recvPackets():[0 0 0 1]:<nil>
[fb-debug] 	recvPackets():[0 0 0 0]:<nil>
[fb-debug] 	recvPackets():[0 0 0 0]:<nil>
[fb-debug] opInfoDatabase
[fb-debug] 	sendPackets():[0 0 0 40 0 0 0 0 0 0 0 0 0 0 0 2 32 1 0 0 0 0 4 0]
[fb-debug] opResponse
[fb-debug] 	recvPackets():[0 0 0 9]:<nil>
[fb-debug] 	recvPackets():[0 0 0 0 0 0 0 0 0 0 0 0 0 0 0 8]:<nil>
[fb-debug] 	recvPackets():[32 4 0 13 0 0 0 1]:<nil>
[fb-debug] 	recvPackets():[0 0 0 1]:<nil>
[fb-debug] 	recvPackets():[0 0 0 0]:<nil>
[fb-debug] 	recvPackets():[0 0 0 0]:<nil>
[fb-debug] opTransaction
[fb-debug] 	sendPackets():[0 0 0 29 0 0 0 0 0 0 0 5 3 9 6 15 17 0 0 0]
[fb-debug] opResponse
[fb-debug] 	recvPackets():[0 0 0 9]:<nil>
[fb-debug] 	recvPackets():[0 0 0 1 0 0 0 0 0 0 0 0 0 0 0 0]:<nil>
[fb-debug] 	recvPackets():[0 0 0 1]:<nil>
[fb-debug] 	recvPackets():[0 0 0 0]:<nil>
[fb-debug] 	recvPackets():[0 0 0 0]:<nil>
[fb-debug] opAllocateStatement
[fb-debug] 	sendPackets():[0 0 0 62 0 0 0 0]
[fb-debug] opPrepareStatement():1,-1,CREATE TABLE t_sr (id INTEGER PRIMARY KEY, v INTEGER)
[fb-debug] 	sendPackets():(100 bytes) [0 0 0 68 0 0 0 1 255 255 255 255 0 0 0 3 0 0 0 53 67 82 69 65 84 69 32 84 65 66 76 69 32 116 95 115 114 32 40 105 100 32 73 78 84 69 71 69 82 32 80 82 73 77 65 82 89 32 75 69 89 44 32 118]...
[fb-debug] opResponse
[fb-debug] 	recvPackets():[0 0 0 9]:<nil>
[fb-debug] 	recvPackets():[0 0 0 2 0 0 0 0 0 0 0 0 0 0 0 0]:<nil>
[fb-debug] 	recvPackets():[0 0 0 1]:<nil>
[fb-debug] 	recvPackets():[0 0 0 0]:<nil>
[fb-debug] 	recvPackets():[0 0 0 0]:<nil>
[fb-debug] opResponse
[fb-debug] 	recvPackets():[0 0 0 9]:<nil>
[fb-debug] 	recvPackets():[0 0 0 0 0 0 0 0 0 0 0 0 0 0 0 16]:<nil>
[fb-debug] 	recvPackets():[21 4 0 5 0 0 0 4 7 4 0 0 0 0 0 1]:<nil>
[fb-debug] 	recvPackets():[0 0 0 1]:<nil>
[fb-debug] 	recvPackets():[0 0 0 0]:<nil>
[fb-debug] 	recvPackets():[0 0 0 0]:<nil>
[fb-debug] opExecute():1,2,[]
[fb-debug] 	sendPackets():[0 0 0 63 0 0 0 2 0 0 0 1 0 0 0 0 0 0 0 0 0 0 0 0 0 0 0 0]
[fb-debug] opResponse
[fb-debug] 	recvPackets():[0 0 0 9]:<nil>
[fb-debug] 	recvPackets():[0 0 0 1 0 0 0 0 0 0 0 0 0 0 0 0]:<nil>
[fb-debug] 	recvPackets():[0 0 0 1]:<nil>
[fb-debug] 	recvPackets():[0 0 0 0]:<nil>
[fb-debug] 	recvPackets():[0 0 0 0]:<nil>
[fb-debug] opInfoSql
[fb-debug] 	sendPackets():[0 0 0 70 0 0 0 2 0 0 0 0 0 0 0 1 23 0 0 0 0 0 4 0]
[fb-debug] opResponse
[fb-debug] 	recvPackets():[0 0 0 9]:<nil>
[fb-debug] 	recvPackets():[0 0 0 2 0 0 0 0 0 0 0 0 0 0 0 1]:<nil>
[fb-debug] 	recvPackets():[1 0 0 0]:<nil>
[fb-debug] 	recvPackets():[0 0 0 1]:<nil>
[fb-debug] 	recvPackets():[0 0 0 0]:<nil>
[fb-debug] 	recvPackets():[0 0 0 0]:<nil>
[fb-debug] opCommitRetaining():1
[fb-debug] 	sendPackets():[0 0 0 50 0 0 0 1]
[fb-debug] opResponse
[fb-debug] 	recvPackets():[0 0 0 9]:<nil>
[fb-debug] 	recvPackets():[0 0 0 0 0 0 0 0 0 0 0 0 0 0 0 0]:<nil>
[fb-debug] 	recvPackets():[0 0 0 1]:<nil>
[fb-debug] 	recvPackets():[0 0 0 0]:<nil>
[fb-debug] 	recvPackets():[0 0 0 0]:<nil>
[fb-debug] opFreeStatement:<2>
[fb-debug] 	sendPackets():[0 0 0 67 0 0 0 2 0 0 0 2]
[fb-debug] opCommitRetaining():1
[fb-debug] 	sendPackets():[0 0 0 50 0 0 0 1]
[fb-debug] opResponse
[fb-debug] 	recvPackets():[0 0 0 9]:<nil>
[fb-debug] 	recvPackets():[255 255 255 255 0 0 0 0 0 0 0 0 0 0 0 0]:<nil>
[fb-debug] 	recvPackets():[0 0 0 1]:<nil>
[fb-debug] 	recvPackets():[0 0 0 0]:<nil>
[fb-debug] 	recvPackets():[0 0 0 0]:<nil>
[fb-debug] 	recvPackets():[0 0 0 9]:<nil>
[fb-debug] 	recvPackets():[0 0 0 0 0 0 0 0 0 0 0 0 0 0 0 0]:<nil>
[fb-debug] 	recvPackets():[0 0 0 1]:<nil>
[fb-debug] 	recvPackets():[0 0 0 0]:<nil>
[fb-debug] 	recvPackets():[0 0 0 0]:<nil>
[fb-debug] opAllocateStatement
[fb-debug] 	sendPackets():[0 0 0 62 0 0 0 0]
[fb-debug] opPrepareStatement():1,-1,INSERT INTO t_sr VALUES (1, 100)
[fb-debug] 	sendPackets():(76 bytes) [0 0 0 68 0 0 0 1 255 255 255 255 0 0 0 3 0 0 0 32 73 78 83 69 82 84 32 73 78 84 79 32 116 95 115 114 32 86 65 76 85 69 83 32 40 49 44 32 49 48 48 41 0 0 0 14 21 4 7 9 11 12 13 14]...
[fb-debug] opResponse
[fb-debug] 	recvPackets():[0 0 0 9]:<nil>
[fb-debug] 	recvPackets():[0 0 0 2 0 0 0 0 0 0 0 0 0 0 0 0]:<nil>
[fb-debug] 	recvPackets():[0 0 0 1]:<nil>
[fb-debug] 	recvPackets():[0 0 0 0]:<nil>
[fb-debug] 	recvPackets():[0 0 0 0]:<nil>
[fb-debug] opResponse
[fb-debug] 	recvPackets():[0 0 0 9]:<nil>
[fb-debug] 	recvPackets():[0 0 0 0 0 0 0 0 0 0 0 0 0 0 0 16]:<nil>
[fb-debug] 	recvPackets():[21 4 0 2 0 0 0 4 7 4 0 0 0 0 0 1]:<nil>
[fb-debug] 	recvPackets():[0 0 0 1]:<nil>
[fb-debug] 	recvPackets():[0 0 0 0]:<nil>
[fb-debug] 	recvPackets():[0 0 0 0]:<nil>
[fb-debug] opExecute():1,2,[]
[fb-debug] 	sendPackets():[0 0 0 63 0 0 0 2 0 0 0 1 0 0 0 0 0 0 0 0 0 0 0 0 0 0 0 0]
[fb-debug] opResponse
[fb-debug] 	recvPackets():[0 0 0 9]:<nil>
[fb-debug] 	recvPackets():[0 0 0 1 0 0 0 0 0 0 0 0 0 0 0 0]:<nil>
[fb-debug] 	recvPackets():[0 0 0 1]:<nil>
[fb-debug] 	recvPackets():[0 0 0 0]:<nil>
[fb-debug] 	recvPackets():[0 0 0 0]:<nil>
[fb-debug] opInfoSql
[fb-debug] 	sendPackets():[0 0 0 70 0 0 0 2 0 0 0 0 0 0 0 1 23 0 0 0 0 0 4 0]
[fb-debug] opResponse
[fb-debug] 	recvPackets():[0 0 0 9]:<nil>
[fb-debug] 	recvPackets():[0 0 0 2 0 0 0 0 0 0 0 0 0 0 0 33]:<nil>
[fb-debug] 	recvPackets():[23 29 0 15 4 0 0 0 0 0 16 4 0 0 0 0 0 13 4 0 0 0 0 0 14 4 0 1 0 0 0 1 1 0 0 0]:<nil>
[fb-debug] 	recvPackets():[0 0 0 1]:<nil>
[fb-debug] 	recvPackets():[0 0 0 0]:<nil>
[fb-debug] 	recvPackets():[0 0 0 0]:<nil>
[fb-debug] opCommitRetaining():1
[fb-debug] 	sendPackets():[0 0 0 50 0 0 0 1]
[fb-debug] opResponse
[fb-debug] 	recvPackets():[0 0 0 9]:<nil>
[fb-debug] 	recvPackets():[0 0 0 0 0 0 0 0 0 0 0 0 0 0 0 0]:<nil>
[fb-debug] 	recvPackets():[0 0 0 1]:<nil>
[fb-debug] 	recvPackets():[0 0 0 0]:<nil>
[fb-debug] 	recvPackets():[0 0 0 0]:<nil>
[fb-debug] opFreeStatement:<2>
[fb-debug] 	sendPackets():[0 0 0 67 0 0 0 2 0 0 0 2]
[fb-debug] opCommitRetaining():1
[fb-debug] 	sendPackets():[0 0 0 50 0 0 0 1]
[fb-debug] opResponse
[fb-debug] 	recvPackets():[0 0 0 9]:<nil>
[fb-debug] 	recvPackets():[255 255 255 255 0 0 0 0 0 0 0 0 0 0 0 0]:<nil>
[fb-debug] 	recvPackets():[0 0 0 1]:<nil>
[fb-debug] 	recvPackets():[0 0 0 0]:<nil>
[fb-debug] 	recvPackets():[0 0 0 0]:<nil>
[fb-debug] 	recvPackets():[0 0 0 9]:<nil>
[fb-debug] 	recvPackets():[0 0 0 0 0 0 0 0 0 0 0 0 0 0 0 0]:<nil>
[fb-debug] 	recvPackets():[0 0 0 1]:<nil>
[fb-debug] 	recvPackets():[0 0 0 0]:<nil>
[fb-debug] 	recvPackets():[0 0 0 0]:<nil>
[fb-debug] opConnect
[fb-debug] 	sendPackets():(556 bytes) [0 0 0 1 0 0 0 19 0 0 0 3 0 0 0 1 0 0 0 0 0 0 0 10 0 0 1 72 9 6 83 89 83 68 66 65 8 6 83 114 112 50 53 54 10 22 83 114 112 50 53 54 44 83 114 112 44 76 101 103 97 99 121 95]...
[fb-debug] _parse_connect_response
[fb-debug] 	recvPackets():[0 0 0 98]:<nil>
[fb-debug] 	recvPackets():[255 255 128 17 0 0 0 1 0 0 2 5]:<nil>
[fb-debug] 	recvPackets():[0 0 1 68]:<nil>
[fb-debug] 	recvPackets():(324 bytes) [64 0 66 68 50 57 56 66 56 55 51 54 51 49 56 66 68 67 48 48 53 57 53 65 66 65 54 56 65 67 53 49 70 68 48 56 56 68 54 70 67 55 67 65 51 65 49 55 57 56 49 52 55 53 70 66 68 67 48 68 53 53 68 65]...:<nil>
[fb-debug] 	recvPackets():[0 0 0 6]:<nil>
[fb-debug] 	recvPackets():[83 114 112 50 53 54 0 0]:<nil>
[fb-debug] 	recvPackets():[0 0 0 0]:<nil>
[fb-debug] 	recvPackets():[0 0 0 0]:<nil>
[fb-debug] 	recvPackets():[]:<nil>
[fb-debug] opContAuth
[fb-debug] 	sendPackets():(116 bytes) [0 0 0 92 0 0 0 64 48 52 48 57 97 98 49 54 50 54 51 56 49 50 55 50 52 54 48 49 51 57 52 98 57 49 102 101 51 102 100 99 54 101 100 50 97 98 98 50 52 97 97 50 100 99 101 56 53 101 101 49 48 51 53 100]...
[fb-debug] opResponse
[fb-debug] 	recvPackets():[0 0 0 9]:<nil>
[fb-debug] 	recvPackets():[0 0 0 0 0 0 0 0 0 0 0 0 0 0 0 77]:<nil>
[fb-debug] 	recvPackets():(80 bytes) [0 9 83 121 109 109 101 116 114 105 99 1 20 67 104 97 67 104 97 54 52 32 67 104 97 67 104 97 32 65 114 99 52 3 17 67 104 97 67 104 97 54 52 0 21 142 17 87 16 21 113 42 3 23 67 104 97 67 104 97 0 119 196 250]...:<nil>
[fb-debug] 	recvPackets():[0 0 0 1]:<nil>
[fb-debug] 	recvPackets():[0 0 0 0]:<nil>
[fb-debug] 	recvPackets():[0 0 0 0]:<nil>
[fb-debug] 	sendPackets():[0 0 0 96 0 0 0 8 67 104 97 67 104 97 54 52 0 0 0 9 83 121 109 109 101 116 114 105 99 0 0 0]
[fb-debug] opResponse
[fb-debug] 	recvPackets():[0 0 0 9]:<nil>
[fb-debug] 	recvPackets():[0 0 0 0 0 0 0 0 0 0 0 0 0 0 0 0]:<nil>
[fb-debug] 	recvPackets():[0 0 0 1]:<nil>
[fb-debug] 	recvPackets():[0 0 0 0]:<nil>
[fb-debug] 	recvPackets():[0 0 0 0]:<nil>
[fb-debug] opServiceAttach()
[fb-debug] 	sendPackets():[0 0 0 82 0 0 0 0 0 0 0 11 115 101 114 118 105 99 101 95 109 103 114 0 0 0 0 24 2 2 28 6 115 121 115 100 98 97 29 9 109 97 115 116 101 114 107 101 121 118 1 1]
[fb-debug] opResponse
[fb-debug] 	recvPackets():[0 0 0 9]:<nil>
[fb-debug] 	recvPackets():[0 0 0 0 0 0 0 0 0 0 0 0 0 0 0 0]:<nil>
[fb-debug] 	recvPackets():[0 0 0 1]:<nil>
[fb-debug] 	recvPackets():[0 0 0 0]:<nil>
[fb-debug] 	recvPackets():[0 0 0 0]:<nil>
[fb-debug] opServiceInfo([2 2], [55], -1)
[fb-debug] 	sendPackets():[0 0 0 84 0 0 0 0 0 0 0 0 0 0 0 2 2 2 0 0 0 0 0 1 55 0 0 0 0 0 4 0]
[fb-debug] opResponse
[fb-debug] 	recvPackets():[0 0 0 9]:<nil>
[fb-debug] 	recvPackets():[0 0 0 0 0 0 0 0 0 0 0 0 0 0 0 38]:<nil>
[fb-debug] 	recvPackets():[55 34 0 87 73 45 86 52 46 48 46 56 46 51 51 49 56 32 70 105 114 101 98 105 114 100 32 52 46 48 32 72 81 98 105 114 100 1 0 0]:<nil>
[fb-debug] 	recvPackets():[0 0 0 1]:<nil>
[fb-debug] 	recvPackets():[0 0 0 0]:<nil>
[fb-debug] 	recvPackets():[0 0 0 0]:<nil>
[fb-debug] opServiceDetach()
[fb-debug] 	sendPackets():[0 0 0 83 0 0 0 0]
[fb-debug] opResponse
[fb-debug] 	recvPackets():[0 0 0 9]:<nil>
[fb-debug] 	recvPackets():[0 0 0 0 0 0 0 0 0 0 0 0 0 0 0 0]:<nil>
[fb-debug] 	recvPackets():[0 0 0 1]:<nil>
[fb-debug] 	recvPackets():[0 0 0 0]:<nil>
[fb-debug] 	recvPackets():[0 0 0 0]:<nil>
[fb-debug] opRollback():1
[fb-debug] 	sendPackets():[0 0 0 31 0 0 0 1]
[fb-debug] opResponse
[fb-debug] 	recvPackets():[0 0 0 9]:<nil>
[fb-debug] 	recvPackets():[0 0 0 0 0 0 0 0 0 0 0 0 0 0 0 0]:<nil>
[fb-debug] 	recvPackets():[0 0 0 1]:<nil>
[fb-debug] 	recvPackets():[0 0 0 0]:<nil>
[fb-debug] 	recvPackets():[0 0 0 0]:<nil>
[fb-debug] opDetach
[fb-debug] 	sendPackets():[0 0 0 21 0 0 0 0]
[fb-debug] opResponse
[fb-debug] 	recvPackets():[0 0 0 9]:<nil>
[fb-debug] 	recvPackets():[0 0 0 0 0 0 0 0 0 0 0 0 0 0 0 0]:<nil>
[fb-debug] 	recvPackets():[0 0 0 1]:<nil>
[fb-debug] 	recvPackets():[0 0 0 0]:<nil>
[fb-debug] 	recvPackets():[0 0 0 0]:<nil>
[fb-debug] opConnect
[fb-debug] 	sendPackets():(640 bytes) [0 0 0 1 0 0 0 19 0 0 0 3 0 0 0 1 0 0 0 83 67 58 92 85 115 101 114 115 92 97 108 101 107 115 92 65 112 112 68 97 116 97 92 76 111 99 97 108 92 84 101 109 112 92 116 101 115 116 95 115 110 97 112 95]...
[fb-debug] _parse_connect_response
[fb-debug] 	recvPackets():[0 0 0 98]:<nil>
[fb-debug] 	recvPackets():[255 255 128 17 0 0 0 1 0 0 2 5]:<nil>
[fb-debug] 	recvPackets():[0 0 1 68]:<nil>
[fb-debug] 	recvPackets():(324 bytes) [64 0 66 68 50 57 56 66 56 55 51 54 51 49 56 66 68 67 48 48 53 57 53 65 66 65 54 56 65 67 53 49 70 68 48 56 56 68 54 70 67 55 67 65 51 65 49 55 57 56 49 52 55 53 70 66 68 67 48 68 53 53 68 65]...:<nil>
[fb-debug] 	recvPackets():[0 0 0 6]:<nil>
[fb-debug] 	recvPackets():[83 114 112 50 53 54 0 0]:<nil>
[fb-debug] 	recvPackets():[0 0 0 0]:<nil>
[fb-debug] 	recvPackets():[0 0 0 0]:<nil>
[fb-debug] 	recvPackets():[]:<nil>
[fb-debug] opContAuth
[fb-debug] 	sendPackets():(116 bytes) [0 0 0 92 0 0 0 64 53 101 100 57 48 54 99 49 97 48 102 55 51 50 51 50 97 51 99 98 49 99 57 52 53 97 51 102 99 102 98 101 100 52 100 101 98 48 49 51 102 54 100 56 49 57 48 99 53 54 57 48 54 50 49 101]...
[fb-debug] opResponse
[fb-debug] 	recvPackets():[0 0 0 9]:<nil>
[fb-debug] 	recvPackets():[0 0 0 0 0 0 0 0 0 0 0 0 0 0 0 77]:<nil>
[fb-debug] 	recvPackets():(80 bytes) [0 9 83 121 109 109 101 116 114 105 99 1 20 67 104 97 67 104 97 54 52 32 67 104 97 67 104 97 32 65 114 99 52 3 17 67 104 97 67 104 97 54 52 0 86 204 133 77 241 112 101 130 3 23 67 104 97 67 104 97 0 60 192 115]...:<nil>
[fb-debug] 	recvPackets():[0 0 0 1]:<nil>
[fb-debug] 	recvPackets():[0 0 0 0]:<nil>
[fb-debug] 	recvPackets():[0 0 0 0]:<nil>
[fb-debug] 	sendPackets():[0 0 0 96 0 0 0 8 67 104 97 67 104 97 54 52 0 0 0 9 83 121 109 109 101 116 114 105 99 0 0 0]
[fb-debug] opResponse
[fb-debug] 	recvPackets():[0 0 0 9]:<nil>
[fb-debug] 	recvPackets():[0 0 0 0 0 0 0 0 0 0 0 0 0 0 0 0]:<nil>
[fb-debug] 	recvPackets():[0 0 0 1]:<nil>
[fb-debug] 	recvPackets():[0 0 0 0]:<nil>
[fb-debug] 	recvPackets():[0 0 0 0]:<nil>
[fb-debug] opAttach
[fb-debug] 	sendPackets():(252 bytes) [0 0 0 19 0 0 0 0 0 0 0 83 67 58 92 85 115 101 114 115 92 97 108 101 107 115 92 65 112 112 68 97 116 97 92 76 111 99 97 108 92 84 101 109 112 92 116 101 115 116 95 115 110 97 112 95 114 111 95 100 100 99 56 100]...
[fb-debug] opResponse
[fb-debug] 	recvPackets():[0 0 0 9]:<nil>
[fb-debug] 	recvPackets():[0 0 0 0 0 0 0 0 0 0 0 0 0 0 0 0]:<nil>
[fb-debug] 	recvPackets():[0 0 0 1]:<nil>
[fb-debug] 	recvPackets():[0 0 0 0]:<nil>
[fb-debug] 	recvPackets():[0 0 0 0]:<nil>
[fb-debug] opTransaction
[fb-debug] 	sendPackets():[0 0 0 29 0 0 0 0 0 0 0 4 3 8 6 1]
[fb-debug] opResponse
[fb-debug] 	recvPackets():[0 0 0 9]:<nil>
[fb-debug] 	recvPackets():[0 0 0 1 0 0 0 0 0 0 0 0 0 0 0 0]:<nil>
[fb-debug] 	recvPackets():[0 0 0 1]:<nil>
[fb-debug] 	recvPackets():[0 0 0 0]:<nil>
[fb-debug] 	recvPackets():[0 0 0 0]:<nil>
[fb-debug] opAllocateStatement
[fb-debug] 	sendPackets():[0 0 0 62 0 0 0 0]
[fb-debug] opPrepareStatement():1,-1,SELECT v FROM t_sr WHERE id = 1
[fb-debug] 	sendPackets():(76 bytes) [0 0 0 68 0 0 0 1 255 255 255 255 0 0 0 3 0 0 0 31 83 69 76 69 67 84 32 118 32 70 82 79 77 32 116 95 115 114 32 87 72 69 82 69 32 105 100 32 61 32 49 0 0 0 0 14 21 4 7 9 11 12 13 14]...
[fb-debug] opResponse
[fb-debug] 	recvPackets():[0 0 0 9]:<nil>
[fb-debug] 	recvPackets():[0 0 0 2 0 0 0 0 0 0 0 0 0 0 0 0]:<nil>
[fb-debug] 	recvPackets():[0 0 0 1]:<nil>
[fb-debug] 	recvPackets():[0 0 0 0]:<nil>
[fb-debug] 	recvPackets():[0 0 0 0]:<nil>
[fb-debug] opResponse
[fb-debug] 	recvPackets():[0 0 0 9]:<nil>
[fb-debug] 	recvPackets():[0 0 0 4 0 0 0 0 0 0 0 0 0 0 0 83]:<nil>
[fb-debug] 	recvPackets():(84 bytes) [21 4 0 1 0 0 0 4 7 4 0 1 0 0 0 9 4 0 1 0 0 0 11 4 0 241 1 0 0 12 4 0 0 0 0 0 13 4 0 0 0 0 0 14 4 0 4 0 0 0 15 4 0 1 0 0 0 16 1 0 86 17 4 0]...:<nil>
[fb-debug] 	recvPackets():[0 0 0 1]:<nil>
[fb-debug] 	recvPackets():[0 0 0 0]:<nil>
[fb-debug] 	recvPackets():[0 0 0 0]:<nil>
[fb-debug] opExecute():1,2,[]
[fb-debug] 	sendPackets():[0 0 0 63 0 0 0 2 0 0 0 1 0 0 0 0 0 0 0 0 0 0 0 0 0 0 0 0]
[fb-debug] opResponse
[fb-debug] 	recvPackets():[0 0 0 9]:<nil>
[fb-debug] 	recvPackets():[0 0 0 1 0 0 0 0 0 0 0 0 0 0 0 0]:<nil>
[fb-debug] 	recvPackets():[0 0 0 1]:<nil>
[fb-debug] 	recvPackets():[0 0 0 0]:<nil>
[fb-debug] 	recvPackets():[0 0 0 0]:<nil>
[fb-debug] opFetch
[fb-debug] 	sendPackets():[0 0 0 65 0 0 0 2 0 0 0 12 5 2 4 0 2 0 8 0 7 0 255 76 0 0 0 0 0 0 1 144]
[fb-debug] opFetchResponse
[fb-debug] 	recvPackets():[0 0 0 66]:<nil>
[fb-debug] 	recvPackets():[0 0 0 0 0 0 0 1]:<nil>
[fb-debug] 	recvPackets():[0 0 0 0]:<nil>
[fb-debug] 	recvPackets():[0 0 0 100]:<nil>
[fb-debug] 	recvPackets():[0 0 0 66]:<nil>
[fb-debug] 	recvPackets():[0 0 0 100 0 0 0 0]:<nil>
[fb-debug] opFreeStatement:<2>
[fb-debug] 	sendPackets():[0 0 0 67 0 0 0 2 0 0 0 2]
[fb-debug] opAllocateStatement
[fb-debug] 	sendPackets():[0 0 0 62 0 0 0 0]
[fb-debug] opPrepareStatement():1,-1,INSERT INTO t_sr VALUES (2, 2)
[fb-debug] 	sendPackets():(76 bytes) [0 0 0 68 0 0 0 1 255 255 255 255 0 0 0 3 0 0 0 30 73 78 83 69 82 84 32 73 78 84 79 32 116 95 115 114 32 86 65 76 85 69 83 32 40 50 44 32 50 41 0 0 0 0 0 14 21 4 7 9 11 12 13 14]...
[fb-debug] opResponse
[fb-debug] 	recvPackets():[0 0 0 9]:<nil>
[fb-debug] 	recvPackets():[255 255 255 255 0 0 0 0 0 0 0 0 0 0 0 0]:<nil>
[fb-debug] 	recvPackets():[0 0 0 1]:<nil>
[fb-debug] 	recvPackets():[0 0 0 0]:<nil>
[fb-debug] 	recvPackets():[0 0 0 0]:<nil>
[fb-debug] 	recvPackets():[0 0 0 9]:<nil>
[fb-debug] 	recvPackets():[0 0 0 2 0 0 0 0 0 0 0 0 0 0 0 0]:<nil>
[fb-debug] 	recvPackets():[0 0 0 1]:<nil>
[fb-debug] 	recvPackets():[0 0 0 0]:<nil>
[fb-debug] 	recvPackets():[0 0 0 0]:<nil>
[fb-debug] opResponse
[fb-debug] 	recvPackets():[0 0 0 9]:<nil>
[fb-debug] 	recvPackets():[0 0 0 0 0 0 0 0 0 0 0 0 0 0 0 16]:<nil>
[fb-debug] 	recvPackets():[21 4 0 2 0 0 0 4 7 4 0 0 0 0 0 1]:<nil>
[fb-debug] 	recvPackets():[0 0 0 1]:<nil>
[fb-debug] 	recvPackets():[0 0 0 0]:<nil>
[fb-debug] 	recvPackets():[0 0 0 0]:<nil>
[fb-debug] opExecute():1,2,[]
[fb-debug] 	sendPackets():[0 0 0 63 0 0 0 2 0 0 0 1 0 0 0 0 0 0 0 0 0 0 0 0 0 0 0 0]
[fb-debug] opResponse
[fb-debug] 	recvPackets():[0 0 0 9]:<nil>
[fb-debug] 	recvPackets():[0 0 0 1 0 0 0 0 0 0 0 0 0 0 0 0]:<nil>
[fb-debug] 	recvPackets():[0 0 0 1]:<nil>
[fb-debug] 	recvPackets():[20 0 0 41]:<nil>
[fb-debug] 	recvPackets():[0 0 0 0]:<nil>
[fb-debug] opFreeStatement:<2>
[fb-debug] 	sendPackets():[0 0 0 67 0 0 0 2 0 0 0 2]
[fb-debug] opConnect
[fb-debug] 	sendPackets():(640 bytes) [0 0 0 1 0 0 0 19 0 0 0 3 0 0 0 1 0 0 0 83 67 58 92 85 115 101 114 115 92 97 108 101 107 115 92 65 112 112 68 97 116 97 92 76 111 99 97 108 92 84 101 109 112 92 116 101 115 116 95 115 110 97 112 95]...
[fb-debug] _parse_connect_response
[fb-debug] 	recvPackets():[0 0 0 98]:<nil>
[fb-debug] 	recvPackets():[255 255 128 17 0 0 0 1 0 0 2 5]:<nil>
[fb-debug] 	recvPackets():[0 0 1 68]:<nil>
[fb-debug] 	recvPackets():(324 bytes) [64 0 66 68 50 57 56 66 56 55 51 54 51 49 56 66 68 67 48 48 53 57 53 65 66 65 54 56 65 67 53 49 70 68 48 56 56 68 54 70 67 55 67 65 51 65 49 55 57 56 49 52 55 53 70 66 68 67 48 68 53 53 68 65]...:<nil>
[fb-debug] 	recvPackets():[0 0 0 6]:<nil>
[fb-debug] 	recvPackets():[83 114 112 50 53 54 0 0]:<nil>
[fb-debug] 	recvPackets():[0 0 0 0]:<nil>
[fb-debug] 	recvPackets():[0 0 0 0]:<nil>
[fb-debug] 	recvPackets():[]:<nil>
[fb-debug] opContAuth
[fb-debug] 	sendPackets():(116 bytes) [0 0 0 92 0 0 0 64 54 99 98 101 98 100 100 49 101 101 97 56 48 100 56 102 55 49 99 52 48 98 55 54 101 54 49 102 100 57 56 51 52 55 48 57 50 102 49 50 49 52 48 49 50 98 99 52 100 98 57 99 56 51 98 51]...
[fb-debug] opResponse
[fb-debug] 	recvPackets():[0 0 0 9]:<nil>
[fb-debug] 	recvPackets():[0 0 0 0 0 0 0 0 0 0 0 0 0 0 0 77]:<nil>
[fb-debug] 	recvPackets():(80 bytes) [0 9 83 121 109 109 101 116 114 105 99 1 20 67 104 97 67 104 97 54 52 32 67 104 97 67 104 97 32 65 114 99 52 3 17 67 104 97 67 104 97 54 52 0 22 155 199 159 124 224 207 121 3 23 67 104 97 67 104 97 0 165 16 157]...:<nil>
[fb-debug] 	recvPackets():[0 0 0 1]:<nil>
[fb-debug] 	recvPackets():[0 0 0 0]:<nil>
[fb-debug] 	recvPackets():[0 0 0 0]:<nil>
[fb-debug] 	sendPackets():[0 0 0 96 0 0 0 8 67 104 97 67 104 97 54 52 0 0 0 9 83 121 109 109 101 116 114 105 99 0 0 0]
[fb-debug] opResponse
[fb-debug] 	recvPackets():[0 0 0 9]:<nil>
[fb-debug] 	recvPackets():[0 0 0 0 0 0 0 0 0 0 0 0 0 0 0 0]:<nil>
[fb-debug] 	recvPackets():[0 0 0 1]:<nil>
[fb-debug] 	recvPackets():[0 0 0 0]:<nil>
[fb-debug] 	recvPackets():[0 0 0 0]:<nil>
[fb-debug] opAttach
[fb-debug] 	sendPackets():(252 bytes) [0 0 0 19 0 0 0 0 0 0 0 83 67 58 92 85 115 101 114 115 92 97 108 101 107 115 92 65 112 112 68 97 116 97 92 76 111 99 97 108 92 84 101 109 112 92 116 101 115 116 95 115 110 97 112 95 114 111 95 100 100 99 56 100]...
[fb-debug] opResponse
[fb-debug] 	recvPackets():[0 0 0 9]:<nil>
[fb-debug] 	recvPackets():[0 0 0 0 0 0 0 0 0 0 0 0 0 0 0 0]:<nil>
[fb-debug] 	recvPackets():[0 0 0 1]:<nil>
[fb-debug] 	recvPackets():[0 0 0 0]:<nil>
[fb-debug] 	recvPackets():[0 0 0 0]:<nil>
[fb-debug] opTransaction
[fb-debug] 	sendPackets():[0 0 0 29 0 0 0 0 0 0 0 5 3 9 6 15 17 0 0 0]
[fb-debug] opResponse
[fb-debug] 	recvPackets():[0 0 0 9]:<nil>
[fb-debug] 	recvPackets():[0 0 0 1 0 0 0 0 0 0 0 0 0 0 0 0]:<nil>
[fb-debug] 	recvPackets():[0 0 0 1]:<nil>
[fb-debug] 	recvPackets():[0 0 0 0]:<nil>
[fb-debug] 	recvPackets():[0 0 0 0]:<nil>
[fb-debug] opAllocateStatement
[fb-debug] 	sendPackets():[0 0 0 62 0 0 0 0]
[fb-debug] opPrepareStatement():1,-1,UPDATE t_sr SET v = 200 WHERE id = 1
[fb-debug] 	sendPackets():(80 bytes) [0 0 0 68 0 0 0 1 255 255 255 255 0 0 0 3 0 0 0 36 85 80 68 65 84 69 32 116 95 115 114 32 83 69 84 32 118 32 61 32 50 48 48 32 87 72 69 82 69 32 105 100 32 61 32 49 0 0 0 14 21 4 7 9]...
[fb-debug] opResponse
[fb-debug] 	recvPackets():[0 0 0 9]:<nil>
[fb-debug] 	recvPackets():[0 0 0 2 0 0 0 0 0 0 0 0 0 0 0 0]:<nil>
[fb-debug] 	recvPackets():[0 0 0 1]:<nil>
[fb-debug] 	recvPackets():[0 0 0 0]:<nil>
[fb-debug] 	recvPackets():[0 0 0 0]:<nil>
[fb-debug] opResponse
[fb-debug] 	recvPackets():[0 0 0 9]:<nil>
[fb-debug] 	recvPackets():[0 0 0 0 0 0 0 0 0 0 0 0 0 0 0 16]:<nil>
[fb-debug] 	recvPackets():[21 4 0 3 0 0 0 4 7 4 0 0 0 0 0 1]:<nil>
[fb-debug] 	recvPackets():[0 0 0 1]:<nil>
[fb-debug] 	recvPackets():[0 0 0 0]:<nil>
[fb-debug] 	recvPackets():[0 0 0 0]:<nil>
[fb-debug] opExecute():1,2,[]
[fb-debug] 	sendPackets():[0 0 0 63 0 0 0 2 0 0 0 1 0 0 0 0 0 0 0 0 0 0 0 0 0 0 0 0]
[fb-debug] opResponse
panic: test timed out after 30s
	running tests:
		TestLiveSnapshotReadOnlyComposition (30s)

goroutine 52 [running]:
testing.(*M).startAlarm.func1()
	C:/Program Files/Go/src/testing/testing.go:2484 +0x394
created by time.goFunc
	C:/Program Files/Go/src/time/sleep.go:215 +0x2d

goroutine 1 [chan receive]:
testing.(*T).Run(0xc00008e8c0, {0x9caa24?, 0x7ffd2c9427c0?}, 0x9fc508)
	C:/Program Files/Go/src/testing/testing.go:1859 +0x414
testing.runTests.func1(0xc00008e8c0)
	C:/Program Files/Go/src/testing/testing.go:2279 +0x37
testing.tRunner(0xc00008e8c0, 0xc000113c70)
	C:/Program Files/Go/src/testing/testing.go:1792 +0xcb
testing.runTests(0xc000098210, {0xd86520, 0x133, 0x133}, {0xd8b1a0?, 0x7?, 0xd8a020?})
	C:/Program Files/Go/src/testing/testing.go:2277 +0x4b4
testing.(*M).Run(0xc00009adc0)
	C:/Program Files/Go/src/testing/testing.go:2142 +0x64a
main.main()
	_testmain.go:677 +0x9b

goroutine 20 [IO wait]:
internal/poll.runtime_pollWait(0x25148a04db0, 0x72)
	C:/Program Files/Go/src/runtime/netpoll.go:351 +0x85
internal/poll.(*pollDesc).wait(0x0?, 0xc000035578?, 0x0)
	C:/Program Files/Go/src/internal/poll/fd_poll_runtime.go:84 +0x27
internal/poll.execIO(0xc0000fa7a0, 0x9fd378)
	C:/Program Files/Go/src/internal/poll/fd_windows.go:177 +0x105
internal/poll.(*FD).Read(0xc0000fa788, {0xc000179000, 0x1000, 0x1000})
	C:/Program Files/Go/src/internal/poll/fd_windows.go:438 +0x29b
net.(*netFD).Read(0xc0000fa788, {0xc000179000?, 0xc0002962b0?, 0xc0000356a8?})
	C:/Program Files/Go/src/net/fd_posix.go:55 +0x25
net.(*conn).Read(0xc000096220, {0xc000179000?, 0x4?, 0x932940?})
	C:/Program Files/Go/src/net/net.go:194 +0x45
bufio.(*Reader).Read(0xc0000da4e0, {0xc0002962b0, 0x4, 0x0?})
	C:/Program Files/Go/src/bufio/bufio.go:245 +0x197
github.com/nakagami/firebirdsql.(*wireChannel).Read(0xc0000de498, {0xc0002962ac, 0x4, 0x4})
	E:/Projects_2026/firebirdsql/wirechannel.go:108 +0x7b
github.com/nakagami/firebirdsql.(*wireProtocol).recvPackets(0xc0000de480, 0x4)
	E:/Projects_2026/firebirdsql/wireprotocol.go:279 +0xb3
github.com/nakagami/firebirdsql.(*wireProtocol).opResponse(0xc0000de480)
	E:/Projects_2026/firebirdsql/wireprotocol.go:1940 +0x3e
github.com/nakagami/firebirdsql.(*firebirdsqlStmt).exec.func1()
	E:/Projects_2026/firebirdsql/statement.go:203 +0x1d
github.com/nakagami/firebirdsql.(*firebirdsqlStmt).withCancelWatcher(0xc0000c4b00, {0xa6bae8, 0xdd22c0}, 0xc0000358f8)
	E:/Projects_2026/firebirdsql/statement.go:106 +0x122
github.com/nakagami/firebirdsql.(*firebirdsqlStmt).exec(0x94bf80?, {0xa6bae8, 0xdd22c0}, {0xdd22c0, 0x0, 0x0})
	E:/Projects_2026/firebirdsql/statement.go:202 +0x1de
github.com/nakagami/firebirdsql.(*firebirdsqlConn).exec(0x0?, {0xa6bae8, 0xdd22c0}, {0x9cc8a5?, 0x4?}, {0xdd22c0, 0x0, 0x0})
	E:/Projects_2026/firebirdsql/connection.go:228 +0xd5
github.com/nakagami/firebirdsql.(*firebirdsqlConn).ExecContext(0xc0000a5100, {0xa6bae8, 0xdd22c0}, {0x9cc8a5, 0x24}, {0xdd22c0, 0x0, 0x5?})
	E:/Projects_2026/firebirdsql/driver_go18.go:73 +0x105
database/sql.ctxDriverExec({0xa6bae8?, 0xdd22c0?}, {0x25148a08098?, 0xc0000a5100?}, {0x0?, 0x0?}, {0x9cc8a5?, 0x999f00?}, {0xdd22c0, 0x0, ...})
	C:/Program Files/Go/src/database/sql/ctxutil.go:31 +0xd7
database/sql.(*DB).execDC.func2()
	C:/Program Files/Go/src/database/sql/sql.go:1713 +0x159
database/sql.withLock({0xa6a288, 0xc0000c4a00}, 0xc000035d30)
	C:/Program Files/Go/src/database/sql/sql.go:3574 +0x71
database/sql.(*DB).execDC(0xa68ca0?, {0xa6bae8, 0xdd22c0}, 0xc0000c4a00, 0x0?, {0x9cc8a5, 0x24}, {0x0, 0x0, 0x0})
	C:/Program Files/Go/src/database/sql/sql.go:1708 +0x216
database/sql.(*Tx).ExecContext(0xc0000c4a80, {0xa6bae8, 0xdd22c0}, {0x9cc8a5, 0x24}, {0x0, 0x0, 0x0})
	C:/Program Files/Go/src/database/sql/sql.go:2516 +0xad
github.com/nakagami/firebirdsql.TestLiveSnapshotReadOnlyComposition(0xc00008ea80)
	E:/Projects_2026/firebirdsql/extended_intents_test.go:224 +0x389
testing.tRunner(0xc00008ea80, 0x9fc508)
	C:/Program Files/Go/src/testing/testing.go:1792 +0xcb
created by testing.(*T).Run in goroutine 1
	C:/Program Files/Go/src/testing/testing.go:1851 +0x3f6

goroutine 29 [select]:
database/sql.(*DB).connectionOpener(0xc0000a92b0, {0xa6bd50, 0xc0000f0730})
	C:/Program Files/Go/src/database/sql/sql.go:1261 +0x87
created by database/sql.OpenDB in goroutine 20
	C:/Program Files/Go/src/database/sql/sql.go:841 +0x130

goroutine 34 [select]:
database/sql.(*DB).connectionOpener(0xc000194340, {0xa6bd50, 0xc0001cc050})
	C:/Program Files/Go/src/database/sql/sql.go:1261 +0x87
created by database/sql.OpenDB in goroutine 20
	C:/Program Files/Go/src/database/sql/sql.go:841 +0x130

goroutine 30 [chan receive]:
database/sql.(*Tx).awaitDone(0xc0000c4880)
	C:/Program Files/Go/src/database/sql/sql.go:2212 +0x29
created by database/sql.(*DB).beginDC in goroutine 20
	C:/Program Files/Go/src/database/sql/sql.go:1925 +0x1ef

goroutine 51 [chan receive]:
database/sql.(*Tx).awaitDone(0xc0000c4a80)
	C:/Program Files/Go/src/database/sql/sql.go:2212 +0x29
created by database/sql.(*DB).beginDC in goroutine 20
	C:/Program Files/Go/src/database/sql/sql.go:1925 +0x1ef
FAIL	github.com/nakagami/firebirdsql	32.106s
FAIL
